Simulator report for AES
Thu Nov 21 11:34:34 2019
Quartus II 64-Bit Version 13.0.0 Build 156 04/24/2013 SJ Web Edition


---------------------
; Table of Contents ;
---------------------
  1. Legal Notice
  2. Simulator Summary
  3. Simulator Settings
  4. Simulation Waveforms
  5. Coverage Summary
  6. Complete 1/0-Value Coverage
  7. Missing 1-Value Coverage
  8. Missing 0-Value Coverage
  9. Simulator INI Usage
 10. Simulator Messages



----------------
; Legal Notice ;
----------------
Copyright (C) 1991-2013 Altera Corporation
Your use of Altera Corporation's design tools, logic functions 
and other software and tools, and its AMPP partner logic 
functions, and any output files from any of the foregoing 
(including device programming or simulation files), and any 
associated documentation or information are expressly subject 
to the terms and conditions of the Altera Program License 
Subscription Agreement, Altera MegaCore Function License 
Agreement, or other applicable license agreement, including, 
without limitation, that your use is for the sole purpose of 
programming logic devices manufactured by Altera and sold by 
Altera or its authorized distributors.  Please refer to the 
applicable agreement for further details.



+--------------------------------------------+
; Simulator Summary                          ;
+-----------------------------+--------------+
; Type                        ; Value        ;
+-----------------------------+--------------+
; Simulation Start Time       ; 0 ps         ;
; Simulation End Time         ; 1.0 us       ;
; Simulation Netlist Size     ; 512 nodes    ;
; Simulation Coverage         ;       0.00 % ;
; Total Number of Transitions ; 0            ;
; Simulation Breakpoints      ; 0            ;
; Family                      ; Cyclone III  ;
+-----------------------------+--------------+


+----------------------------------------------------------------------------------------------------------------------------------------------------------------------------------------------+
; Simulator Settings                                                                                                                                                                           ;
+--------------------------------------------------------------------------------------------+---------------------------------------------------------------------------------+---------------+
; Option                                                                                     ; Setting                                                                         ; Default Value ;
+--------------------------------------------------------------------------------------------+---------------------------------------------------------------------------------+---------------+
; Simulation mode                                                                            ; Functional                                                                      ; Timing        ;
; Start time                                                                                 ; 0 ns                                                                            ; 0 ns          ;
; Simulation results format                                                                  ; VWF                                                                             ;               ;
; Vector input source                                                                        ; C:/Users/gisel/Documents/Faculdade/2019-2/Sistemas Digitais/AES-128/WaveAdd.vwf ;               ;
; Add pins automatically to simulation output waveforms                                      ; On                                                                              ; On            ;
; Check outputs                                                                              ; Off                                                                             ; Off           ;
; Report simulation coverage                                                                 ; On                                                                              ; On            ;
; Display complete 1/0 value coverage report                                                 ; On                                                                              ; On            ;
; Display missing 1-value coverage report                                                    ; On                                                                              ; On            ;
; Display missing 0-value coverage report                                                    ; On                                                                              ; On            ;
; Detect setup and hold time violations                                                      ; Off                                                                             ; Off           ;
; Detect glitches                                                                            ; Off                                                                             ; Off           ;
; Disable timing delays in Timing Simulation                                                 ; Off                                                                             ; Off           ;
; Generate Signal Activity File                                                              ; Off                                                                             ; Off           ;
; Generate VCD File for PowerPlay Power Analyzer                                             ; Off                                                                             ; Off           ;
; Group bus channels in simulation results                                                   ; Off                                                                             ; Off           ;
; Preserve fewer signal transitions to reduce memory requirements                            ; On                                                                              ; On            ;
; Trigger vector comparison with the specified mode                                          ; INPUT_EDGE                                                                      ; INPUT_EDGE    ;
; Disable setup and hold time violations detection in input registers of bi-directional pins ; Off                                                                             ; Off           ;
; Overwrite Waveform Inputs With Simulation Outputs                                          ; Off                                                                             ;               ;
; Perform Glitch Filtering in Timing Simulation                                              ; Auto                                                                            ; Auto          ;
; Interconnect Delay Model Type                                                              ; Transport                                                                       ; Transport     ;
; Cell Delay Model Type                                                                      ; Transport                                                                       ; Transport     ;
+--------------------------------------------------------------------------------------------+---------------------------------------------------------------------------------+---------------+


+----------------------+
; Simulation Waveforms ;
+----------------------+
Waveform report data cannot be output to ASCII.
Please use Quartus II 64-Bit to view the waveform report data.


+--------------------------------------------------------------------+
; Coverage Summary                                                   ;
+-----------------------------------------------------+--------------+
; Type                                                ; Value        ;
+-----------------------------------------------------+--------------+
; Total coverage as a percentage                      ;       0.00 % ;
; Total nodes checked                                 ; 512          ;
; Total output ports checked                          ; 512          ;
; Total output ports with complete 1/0-value coverage ; 0            ;
; Total output ports with no 1/0-value coverage       ; 512          ;
; Total output ports with no 1-value coverage         ; 512          ;
; Total output ports with no 0-value coverage         ; 512          ;
+-----------------------------------------------------+--------------+


The following table displays output ports that toggle between 1 and 0 during simulation.
+-------------------------------------------------+
; Complete 1/0-Value Coverage                     ;
+-----------+------------------+------------------+
; Node Name ; Output Port Name ; Output Port Type ;
+-----------+------------------+------------------+


The following table displays output ports that do not toggle to 1 during simulation.
+----------------------------------------------------------------------------+
; Missing 1-Value Coverage                                                   ;
+----------------------------+----------------------------+------------------+
; Node Name                  ; Output Port Name           ; Output Port Type ;
+----------------------------+----------------------------+------------------+
; |AddRoundKey|output~0      ; |AddRoundKey|output~0      ; out0             ;
; |AddRoundKey|output~1      ; |AddRoundKey|output~1      ; out0             ;
; |AddRoundKey|output~2      ; |AddRoundKey|output~2      ; out0             ;
; |AddRoundKey|output~3      ; |AddRoundKey|output~3      ; out0             ;
; |AddRoundKey|output~4      ; |AddRoundKey|output~4      ; out0             ;
; |AddRoundKey|output~5      ; |AddRoundKey|output~5      ; out0             ;
; |AddRoundKey|output~6      ; |AddRoundKey|output~6      ; out0             ;
; |AddRoundKey|output~7      ; |AddRoundKey|output~7      ; out0             ;
; |AddRoundKey|output~8      ; |AddRoundKey|output~8      ; out0             ;
; |AddRoundKey|output~9      ; |AddRoundKey|output~9      ; out0             ;
; |AddRoundKey|output~10     ; |AddRoundKey|output~10     ; out0             ;
; |AddRoundKey|output~11     ; |AddRoundKey|output~11     ; out0             ;
; |AddRoundKey|output~12     ; |AddRoundKey|output~12     ; out0             ;
; |AddRoundKey|output~13     ; |AddRoundKey|output~13     ; out0             ;
; |AddRoundKey|output~14     ; |AddRoundKey|output~14     ; out0             ;
; |AddRoundKey|output~15     ; |AddRoundKey|output~15     ; out0             ;
; |AddRoundKey|output~16     ; |AddRoundKey|output~16     ; out0             ;
; |AddRoundKey|output~17     ; |AddRoundKey|output~17     ; out0             ;
; |AddRoundKey|output~18     ; |AddRoundKey|output~18     ; out0             ;
; |AddRoundKey|output~19     ; |AddRoundKey|output~19     ; out0             ;
; |AddRoundKey|output~20     ; |AddRoundKey|output~20     ; out0             ;
; |AddRoundKey|output~21     ; |AddRoundKey|output~21     ; out0             ;
; |AddRoundKey|output~22     ; |AddRoundKey|output~22     ; out0             ;
; |AddRoundKey|output~23     ; |AddRoundKey|output~23     ; out0             ;
; |AddRoundKey|output~24     ; |AddRoundKey|output~24     ; out0             ;
; |AddRoundKey|output~25     ; |AddRoundKey|output~25     ; out0             ;
; |AddRoundKey|output~26     ; |AddRoundKey|output~26     ; out0             ;
; |AddRoundKey|output~27     ; |AddRoundKey|output~27     ; out0             ;
; |AddRoundKey|output~28     ; |AddRoundKey|output~28     ; out0             ;
; |AddRoundKey|output~29     ; |AddRoundKey|output~29     ; out0             ;
; |AddRoundKey|output~30     ; |AddRoundKey|output~30     ; out0             ;
; |AddRoundKey|output~31     ; |AddRoundKey|output~31     ; out0             ;
; |AddRoundKey|output~32     ; |AddRoundKey|output~32     ; out0             ;
; |AddRoundKey|output~33     ; |AddRoundKey|output~33     ; out0             ;
; |AddRoundKey|output~34     ; |AddRoundKey|output~34     ; out0             ;
; |AddRoundKey|output~35     ; |AddRoundKey|output~35     ; out0             ;
; |AddRoundKey|output~36     ; |AddRoundKey|output~36     ; out0             ;
; |AddRoundKey|output~37     ; |AddRoundKey|output~37     ; out0             ;
; |AddRoundKey|output~38     ; |AddRoundKey|output~38     ; out0             ;
; |AddRoundKey|output~39     ; |AddRoundKey|output~39     ; out0             ;
; |AddRoundKey|output~40     ; |AddRoundKey|output~40     ; out0             ;
; |AddRoundKey|output~41     ; |AddRoundKey|output~41     ; out0             ;
; |AddRoundKey|output~42     ; |AddRoundKey|output~42     ; out0             ;
; |AddRoundKey|output~43     ; |AddRoundKey|output~43     ; out0             ;
; |AddRoundKey|output~44     ; |AddRoundKey|output~44     ; out0             ;
; |AddRoundKey|output~45     ; |AddRoundKey|output~45     ; out0             ;
; |AddRoundKey|output~46     ; |AddRoundKey|output~46     ; out0             ;
; |AddRoundKey|output~47     ; |AddRoundKey|output~47     ; out0             ;
; |AddRoundKey|output~48     ; |AddRoundKey|output~48     ; out0             ;
; |AddRoundKey|output~49     ; |AddRoundKey|output~49     ; out0             ;
; |AddRoundKey|output~50     ; |AddRoundKey|output~50     ; out0             ;
; |AddRoundKey|output~51     ; |AddRoundKey|output~51     ; out0             ;
; |AddRoundKey|output~52     ; |AddRoundKey|output~52     ; out0             ;
; |AddRoundKey|output~53     ; |AddRoundKey|output~53     ; out0             ;
; |AddRoundKey|output~54     ; |AddRoundKey|output~54     ; out0             ;
; |AddRoundKey|output~55     ; |AddRoundKey|output~55     ; out0             ;
; |AddRoundKey|output~56     ; |AddRoundKey|output~56     ; out0             ;
; |AddRoundKey|output~57     ; |AddRoundKey|output~57     ; out0             ;
; |AddRoundKey|output~58     ; |AddRoundKey|output~58     ; out0             ;
; |AddRoundKey|output~59     ; |AddRoundKey|output~59     ; out0             ;
; |AddRoundKey|output~60     ; |AddRoundKey|output~60     ; out0             ;
; |AddRoundKey|output~61     ; |AddRoundKey|output~61     ; out0             ;
; |AddRoundKey|output~62     ; |AddRoundKey|output~62     ; out0             ;
; |AddRoundKey|output~63     ; |AddRoundKey|output~63     ; out0             ;
; |AddRoundKey|output~64     ; |AddRoundKey|output~64     ; out0             ;
; |AddRoundKey|output~65     ; |AddRoundKey|output~65     ; out0             ;
; |AddRoundKey|output~66     ; |AddRoundKey|output~66     ; out0             ;
; |AddRoundKey|output~67     ; |AddRoundKey|output~67     ; out0             ;
; |AddRoundKey|output~68     ; |AddRoundKey|output~68     ; out0             ;
; |AddRoundKey|output~69     ; |AddRoundKey|output~69     ; out0             ;
; |AddRoundKey|output~70     ; |AddRoundKey|output~70     ; out0             ;
; |AddRoundKey|output~71     ; |AddRoundKey|output~71     ; out0             ;
; |AddRoundKey|output~72     ; |AddRoundKey|output~72     ; out0             ;
; |AddRoundKey|output~73     ; |AddRoundKey|output~73     ; out0             ;
; |AddRoundKey|output~74     ; |AddRoundKey|output~74     ; out0             ;
; |AddRoundKey|output~75     ; |AddRoundKey|output~75     ; out0             ;
; |AddRoundKey|output~76     ; |AddRoundKey|output~76     ; out0             ;
; |AddRoundKey|output~77     ; |AddRoundKey|output~77     ; out0             ;
; |AddRoundKey|output~78     ; |AddRoundKey|output~78     ; out0             ;
; |AddRoundKey|output~79     ; |AddRoundKey|output~79     ; out0             ;
; |AddRoundKey|output~80     ; |AddRoundKey|output~80     ; out0             ;
; |AddRoundKey|output~81     ; |AddRoundKey|output~81     ; out0             ;
; |AddRoundKey|output~82     ; |AddRoundKey|output~82     ; out0             ;
; |AddRoundKey|output~83     ; |AddRoundKey|output~83     ; out0             ;
; |AddRoundKey|output~84     ; |AddRoundKey|output~84     ; out0             ;
; |AddRoundKey|output~85     ; |AddRoundKey|output~85     ; out0             ;
; |AddRoundKey|output~86     ; |AddRoundKey|output~86     ; out0             ;
; |AddRoundKey|output~87     ; |AddRoundKey|output~87     ; out0             ;
; |AddRoundKey|output~88     ; |AddRoundKey|output~88     ; out0             ;
; |AddRoundKey|output~89     ; |AddRoundKey|output~89     ; out0             ;
; |AddRoundKey|output~90     ; |AddRoundKey|output~90     ; out0             ;
; |AddRoundKey|output~91     ; |AddRoundKey|output~91     ; out0             ;
; |AddRoundKey|output~92     ; |AddRoundKey|output~92     ; out0             ;
; |AddRoundKey|output~93     ; |AddRoundKey|output~93     ; out0             ;
; |AddRoundKey|output~94     ; |AddRoundKey|output~94     ; out0             ;
; |AddRoundKey|output~95     ; |AddRoundKey|output~95     ; out0             ;
; |AddRoundKey|output~96     ; |AddRoundKey|output~96     ; out0             ;
; |AddRoundKey|output~97     ; |AddRoundKey|output~97     ; out0             ;
; |AddRoundKey|output~98     ; |AddRoundKey|output~98     ; out0             ;
; |AddRoundKey|output~99     ; |AddRoundKey|output~99     ; out0             ;
; |AddRoundKey|output~100    ; |AddRoundKey|output~100    ; out0             ;
; |AddRoundKey|output~101    ; |AddRoundKey|output~101    ; out0             ;
; |AddRoundKey|output~102    ; |AddRoundKey|output~102    ; out0             ;
; |AddRoundKey|output~103    ; |AddRoundKey|output~103    ; out0             ;
; |AddRoundKey|output~104    ; |AddRoundKey|output~104    ; out0             ;
; |AddRoundKey|output~105    ; |AddRoundKey|output~105    ; out0             ;
; |AddRoundKey|output~106    ; |AddRoundKey|output~106    ; out0             ;
; |AddRoundKey|output~107    ; |AddRoundKey|output~107    ; out0             ;
; |AddRoundKey|output~108    ; |AddRoundKey|output~108    ; out0             ;
; |AddRoundKey|output~109    ; |AddRoundKey|output~109    ; out0             ;
; |AddRoundKey|output~110    ; |AddRoundKey|output~110    ; out0             ;
; |AddRoundKey|output~111    ; |AddRoundKey|output~111    ; out0             ;
; |AddRoundKey|output~112    ; |AddRoundKey|output~112    ; out0             ;
; |AddRoundKey|output~113    ; |AddRoundKey|output~113    ; out0             ;
; |AddRoundKey|output~114    ; |AddRoundKey|output~114    ; out0             ;
; |AddRoundKey|output~115    ; |AddRoundKey|output~115    ; out0             ;
; |AddRoundKey|output~116    ; |AddRoundKey|output~116    ; out0             ;
; |AddRoundKey|output~117    ; |AddRoundKey|output~117    ; out0             ;
; |AddRoundKey|output~118    ; |AddRoundKey|output~118    ; out0             ;
; |AddRoundKey|output~119    ; |AddRoundKey|output~119    ; out0             ;
; |AddRoundKey|output~120    ; |AddRoundKey|output~120    ; out0             ;
; |AddRoundKey|output~121    ; |AddRoundKey|output~121    ; out0             ;
; |AddRoundKey|output~122    ; |AddRoundKey|output~122    ; out0             ;
; |AddRoundKey|output~123    ; |AddRoundKey|output~123    ; out0             ;
; |AddRoundKey|output~124    ; |AddRoundKey|output~124    ; out0             ;
; |AddRoundKey|output~125    ; |AddRoundKey|output~125    ; out0             ;
; |AddRoundKey|output~126    ; |AddRoundKey|output~126    ; out0             ;
; |AddRoundKey|output~127    ; |AddRoundKey|output~127    ; out0             ;
; |AddRoundKey|col_0_add[0]  ; |AddRoundKey|col_0_add[0]  ; out              ;
; |AddRoundKey|col_0_add[1]  ; |AddRoundKey|col_0_add[1]  ; out              ;
; |AddRoundKey|col_0_add[2]  ; |AddRoundKey|col_0_add[2]  ; out              ;
; |AddRoundKey|col_0_add[3]  ; |AddRoundKey|col_0_add[3]  ; out              ;
; |AddRoundKey|col_0_add[4]  ; |AddRoundKey|col_0_add[4]  ; out              ;
; |AddRoundKey|col_0_add[5]  ; |AddRoundKey|col_0_add[5]  ; out              ;
; |AddRoundKey|col_0_add[6]  ; |AddRoundKey|col_0_add[6]  ; out              ;
; |AddRoundKey|col_0_add[7]  ; |AddRoundKey|col_0_add[7]  ; out              ;
; |AddRoundKey|col_0_add[8]  ; |AddRoundKey|col_0_add[8]  ; out              ;
; |AddRoundKey|col_0_add[9]  ; |AddRoundKey|col_0_add[9]  ; out              ;
; |AddRoundKey|col_0_add[10] ; |AddRoundKey|col_0_add[10] ; out              ;
; |AddRoundKey|col_0_add[11] ; |AddRoundKey|col_0_add[11] ; out              ;
; |AddRoundKey|col_0_add[12] ; |AddRoundKey|col_0_add[12] ; out              ;
; |AddRoundKey|col_0_add[13] ; |AddRoundKey|col_0_add[13] ; out              ;
; |AddRoundKey|col_0_add[14] ; |AddRoundKey|col_0_add[14] ; out              ;
; |AddRoundKey|col_0_add[15] ; |AddRoundKey|col_0_add[15] ; out              ;
; |AddRoundKey|col_0_add[16] ; |AddRoundKey|col_0_add[16] ; out              ;
; |AddRoundKey|col_0_add[17] ; |AddRoundKey|col_0_add[17] ; out              ;
; |AddRoundKey|col_0_add[18] ; |AddRoundKey|col_0_add[18] ; out              ;
; |AddRoundKey|col_0_add[19] ; |AddRoundKey|col_0_add[19] ; out              ;
; |AddRoundKey|col_0_add[20] ; |AddRoundKey|col_0_add[20] ; out              ;
; |AddRoundKey|col_0_add[21] ; |AddRoundKey|col_0_add[21] ; out              ;
; |AddRoundKey|col_0_add[22] ; |AddRoundKey|col_0_add[22] ; out              ;
; |AddRoundKey|col_0_add[23] ; |AddRoundKey|col_0_add[23] ; out              ;
; |AddRoundKey|col_0_add[24] ; |AddRoundKey|col_0_add[24] ; out              ;
; |AddRoundKey|col_0_add[25] ; |AddRoundKey|col_0_add[25] ; out              ;
; |AddRoundKey|col_0_add[26] ; |AddRoundKey|col_0_add[26] ; out              ;
; |AddRoundKey|col_0_add[27] ; |AddRoundKey|col_0_add[27] ; out              ;
; |AddRoundKey|col_0_add[28] ; |AddRoundKey|col_0_add[28] ; out              ;
; |AddRoundKey|col_0_add[29] ; |AddRoundKey|col_0_add[29] ; out              ;
; |AddRoundKey|col_0_add[30] ; |AddRoundKey|col_0_add[30] ; out              ;
; |AddRoundKey|col_0_add[31] ; |AddRoundKey|col_0_add[31] ; out              ;
; |AddRoundKey|col_1_add[0]  ; |AddRoundKey|col_1_add[0]  ; out              ;
; |AddRoundKey|col_1_add[1]  ; |AddRoundKey|col_1_add[1]  ; out              ;
; |AddRoundKey|col_1_add[2]  ; |AddRoundKey|col_1_add[2]  ; out              ;
; |AddRoundKey|col_1_add[3]  ; |AddRoundKey|col_1_add[3]  ; out              ;
; |AddRoundKey|col_1_add[4]  ; |AddRoundKey|col_1_add[4]  ; out              ;
; |AddRoundKey|col_1_add[5]  ; |AddRoundKey|col_1_add[5]  ; out              ;
; |AddRoundKey|col_1_add[6]  ; |AddRoundKey|col_1_add[6]  ; out              ;
; |AddRoundKey|col_1_add[7]  ; |AddRoundKey|col_1_add[7]  ; out              ;
; |AddRoundKey|col_1_add[8]  ; |AddRoundKey|col_1_add[8]  ; out              ;
; |AddRoundKey|col_1_add[9]  ; |AddRoundKey|col_1_add[9]  ; out              ;
; |AddRoundKey|col_1_add[10] ; |AddRoundKey|col_1_add[10] ; out              ;
; |AddRoundKey|col_1_add[11] ; |AddRoundKey|col_1_add[11] ; out              ;
; |AddRoundKey|col_1_add[12] ; |AddRoundKey|col_1_add[12] ; out              ;
; |AddRoundKey|col_1_add[13] ; |AddRoundKey|col_1_add[13] ; out              ;
; |AddRoundKey|col_1_add[14] ; |AddRoundKey|col_1_add[14] ; out              ;
; |AddRoundKey|col_1_add[15] ; |AddRoundKey|col_1_add[15] ; out              ;
; |AddRoundKey|col_1_add[16] ; |AddRoundKey|col_1_add[16] ; out              ;
; |AddRoundKey|col_1_add[17] ; |AddRoundKey|col_1_add[17] ; out              ;
; |AddRoundKey|col_1_add[18] ; |AddRoundKey|col_1_add[18] ; out              ;
; |AddRoundKey|col_1_add[19] ; |AddRoundKey|col_1_add[19] ; out              ;
; |AddRoundKey|col_1_add[20] ; |AddRoundKey|col_1_add[20] ; out              ;
; |AddRoundKey|col_1_add[21] ; |AddRoundKey|col_1_add[21] ; out              ;
; |AddRoundKey|col_1_add[22] ; |AddRoundKey|col_1_add[22] ; out              ;
; |AddRoundKey|col_1_add[23] ; |AddRoundKey|col_1_add[23] ; out              ;
; |AddRoundKey|col_1_add[24] ; |AddRoundKey|col_1_add[24] ; out              ;
; |AddRoundKey|col_1_add[25] ; |AddRoundKey|col_1_add[25] ; out              ;
; |AddRoundKey|col_1_add[26] ; |AddRoundKey|col_1_add[26] ; out              ;
; |AddRoundKey|col_1_add[27] ; |AddRoundKey|col_1_add[27] ; out              ;
; |AddRoundKey|col_1_add[28] ; |AddRoundKey|col_1_add[28] ; out              ;
; |AddRoundKey|col_1_add[29] ; |AddRoundKey|col_1_add[29] ; out              ;
; |AddRoundKey|col_1_add[30] ; |AddRoundKey|col_1_add[30] ; out              ;
; |AddRoundKey|col_1_add[31] ; |AddRoundKey|col_1_add[31] ; out              ;
; |AddRoundKey|col_2_add[0]  ; |AddRoundKey|col_2_add[0]  ; out              ;
; |AddRoundKey|col_2_add[1]  ; |AddRoundKey|col_2_add[1]  ; out              ;
; |AddRoundKey|col_2_add[2]  ; |AddRoundKey|col_2_add[2]  ; out              ;
; |AddRoundKey|col_2_add[3]  ; |AddRoundKey|col_2_add[3]  ; out              ;
; |AddRoundKey|col_2_add[4]  ; |AddRoundKey|col_2_add[4]  ; out              ;
; |AddRoundKey|col_2_add[5]  ; |AddRoundKey|col_2_add[5]  ; out              ;
; |AddRoundKey|col_2_add[6]  ; |AddRoundKey|col_2_add[6]  ; out              ;
; |AddRoundKey|col_2_add[7]  ; |AddRoundKey|col_2_add[7]  ; out              ;
; |AddRoundKey|col_2_add[8]  ; |AddRoundKey|col_2_add[8]  ; out              ;
; |AddRoundKey|col_2_add[9]  ; |AddRoundKey|col_2_add[9]  ; out              ;
; |AddRoundKey|col_2_add[10] ; |AddRoundKey|col_2_add[10] ; out              ;
; |AddRoundKey|col_2_add[11] ; |AddRoundKey|col_2_add[11] ; out              ;
; |AddRoundKey|col_2_add[12] ; |AddRoundKey|col_2_add[12] ; out              ;
; |AddRoundKey|col_2_add[13] ; |AddRoundKey|col_2_add[13] ; out              ;
; |AddRoundKey|col_2_add[14] ; |AddRoundKey|col_2_add[14] ; out              ;
; |AddRoundKey|col_2_add[15] ; |AddRoundKey|col_2_add[15] ; out              ;
; |AddRoundKey|col_2_add[16] ; |AddRoundKey|col_2_add[16] ; out              ;
; |AddRoundKey|col_2_add[17] ; |AddRoundKey|col_2_add[17] ; out              ;
; |AddRoundKey|col_2_add[18] ; |AddRoundKey|col_2_add[18] ; out              ;
; |AddRoundKey|col_2_add[19] ; |AddRoundKey|col_2_add[19] ; out              ;
; |AddRoundKey|col_2_add[20] ; |AddRoundKey|col_2_add[20] ; out              ;
; |AddRoundKey|col_2_add[21] ; |AddRoundKey|col_2_add[21] ; out              ;
; |AddRoundKey|col_2_add[22] ; |AddRoundKey|col_2_add[22] ; out              ;
; |AddRoundKey|col_2_add[23] ; |AddRoundKey|col_2_add[23] ; out              ;
; |AddRoundKey|col_2_add[24] ; |AddRoundKey|col_2_add[24] ; out              ;
; |AddRoundKey|col_2_add[25] ; |AddRoundKey|col_2_add[25] ; out              ;
; |AddRoundKey|col_2_add[26] ; |AddRoundKey|col_2_add[26] ; out              ;
; |AddRoundKey|col_2_add[27] ; |AddRoundKey|col_2_add[27] ; out              ;
; |AddRoundKey|col_2_add[28] ; |AddRoundKey|col_2_add[28] ; out              ;
; |AddRoundKey|col_2_add[29] ; |AddRoundKey|col_2_add[29] ; out              ;
; |AddRoundKey|col_2_add[30] ; |AddRoundKey|col_2_add[30] ; out              ;
; |AddRoundKey|col_2_add[31] ; |AddRoundKey|col_2_add[31] ; out              ;
; |AddRoundKey|col_3_add[0]  ; |AddRoundKey|col_3_add[0]  ; out              ;
; |AddRoundKey|col_3_add[1]  ; |AddRoundKey|col_3_add[1]  ; out              ;
; |AddRoundKey|col_3_add[2]  ; |AddRoundKey|col_3_add[2]  ; out              ;
; |AddRoundKey|col_3_add[3]  ; |AddRoundKey|col_3_add[3]  ; out              ;
; |AddRoundKey|col_3_add[4]  ; |AddRoundKey|col_3_add[4]  ; out              ;
; |AddRoundKey|col_3_add[5]  ; |AddRoundKey|col_3_add[5]  ; out              ;
; |AddRoundKey|col_3_add[6]  ; |AddRoundKey|col_3_add[6]  ; out              ;
; |AddRoundKey|col_3_add[7]  ; |AddRoundKey|col_3_add[7]  ; out              ;
; |AddRoundKey|col_3_add[8]  ; |AddRoundKey|col_3_add[8]  ; out              ;
; |AddRoundKey|col_3_add[9]  ; |AddRoundKey|col_3_add[9]  ; out              ;
; |AddRoundKey|col_3_add[10] ; |AddRoundKey|col_3_add[10] ; out              ;
; |AddRoundKey|col_3_add[11] ; |AddRoundKey|col_3_add[11] ; out              ;
; |AddRoundKey|col_3_add[12] ; |AddRoundKey|col_3_add[12] ; out              ;
; |AddRoundKey|col_3_add[13] ; |AddRoundKey|col_3_add[13] ; out              ;
; |AddRoundKey|col_3_add[14] ; |AddRoundKey|col_3_add[14] ; out              ;
; |AddRoundKey|col_3_add[15] ; |AddRoundKey|col_3_add[15] ; out              ;
; |AddRoundKey|col_3_add[16] ; |AddRoundKey|col_3_add[16] ; out              ;
; |AddRoundKey|col_3_add[17] ; |AddRoundKey|col_3_add[17] ; out              ;
; |AddRoundKey|col_3_add[18] ; |AddRoundKey|col_3_add[18] ; out              ;
; |AddRoundKey|col_3_add[19] ; |AddRoundKey|col_3_add[19] ; out              ;
; |AddRoundKey|col_3_add[20] ; |AddRoundKey|col_3_add[20] ; out              ;
; |AddRoundKey|col_3_add[21] ; |AddRoundKey|col_3_add[21] ; out              ;
; |AddRoundKey|col_3_add[22] ; |AddRoundKey|col_3_add[22] ; out              ;
; |AddRoundKey|col_3_add[23] ; |AddRoundKey|col_3_add[23] ; out              ;
; |AddRoundKey|col_3_add[24] ; |AddRoundKey|col_3_add[24] ; out              ;
; |AddRoundKey|col_3_add[25] ; |AddRoundKey|col_3_add[25] ; out              ;
; |AddRoundKey|col_3_add[26] ; |AddRoundKey|col_3_add[26] ; out              ;
; |AddRoundKey|col_3_add[27] ; |AddRoundKey|col_3_add[27] ; out              ;
; |AddRoundKey|col_3_add[28] ; |AddRoundKey|col_3_add[28] ; out              ;
; |AddRoundKey|col_3_add[29] ; |AddRoundKey|col_3_add[29] ; out              ;
; |AddRoundKey|col_3_add[30] ; |AddRoundKey|col_3_add[30] ; out              ;
; |AddRoundKey|col_3_add[31] ; |AddRoundKey|col_3_add[31] ; out              ;
; |AddRoundKey|key[0]        ; |AddRoundKey|key[0]        ; out              ;
; |AddRoundKey|key[1]        ; |AddRoundKey|key[1]        ; out              ;
; |AddRoundKey|key[2]        ; |AddRoundKey|key[2]        ; out              ;
; |AddRoundKey|key[3]        ; |AddRoundKey|key[3]        ; out              ;
; |AddRoundKey|key[4]        ; |AddRoundKey|key[4]        ; out              ;
; |AddRoundKey|key[5]        ; |AddRoundKey|key[5]        ; out              ;
; |AddRoundKey|key[6]        ; |AddRoundKey|key[6]        ; out              ;
; |AddRoundKey|key[7]        ; |AddRoundKey|key[7]        ; out              ;
; |AddRoundKey|key[8]        ; |AddRoundKey|key[8]        ; out              ;
; |AddRoundKey|key[9]        ; |AddRoundKey|key[9]        ; out              ;
; |AddRoundKey|key[10]       ; |AddRoundKey|key[10]       ; out              ;
; |AddRoundKey|key[11]       ; |AddRoundKey|key[11]       ; out              ;
; |AddRoundKey|key[12]       ; |AddRoundKey|key[12]       ; out              ;
; |AddRoundKey|key[13]       ; |AddRoundKey|key[13]       ; out              ;
; |AddRoundKey|key[14]       ; |AddRoundKey|key[14]       ; out              ;
; |AddRoundKey|key[15]       ; |AddRoundKey|key[15]       ; out              ;
; |AddRoundKey|key[16]       ; |AddRoundKey|key[16]       ; out              ;
; |AddRoundKey|key[17]       ; |AddRoundKey|key[17]       ; out              ;
; |AddRoundKey|key[18]       ; |AddRoundKey|key[18]       ; out              ;
; |AddRoundKey|key[19]       ; |AddRoundKey|key[19]       ; out              ;
; |AddRoundKey|key[20]       ; |AddRoundKey|key[20]       ; out              ;
; |AddRoundKey|key[21]       ; |AddRoundKey|key[21]       ; out              ;
; |AddRoundKey|key[22]       ; |AddRoundKey|key[22]       ; out              ;
; |AddRoundKey|key[23]       ; |AddRoundKey|key[23]       ; out              ;
; |AddRoundKey|key[24]       ; |AddRoundKey|key[24]       ; out              ;
; |AddRoundKey|key[25]       ; |AddRoundKey|key[25]       ; out              ;
; |AddRoundKey|key[26]       ; |AddRoundKey|key[26]       ; out              ;
; |AddRoundKey|key[27]       ; |AddRoundKey|key[27]       ; out              ;
; |AddRoundKey|key[28]       ; |AddRoundKey|key[28]       ; out              ;
; |AddRoundKey|key[29]       ; |AddRoundKey|key[29]       ; out              ;
; |AddRoundKey|key[30]       ; |AddRoundKey|key[30]       ; out              ;
; |AddRoundKey|key[31]       ; |AddRoundKey|key[31]       ; out              ;
; |AddRoundKey|key[32]       ; |AddRoundKey|key[32]       ; out              ;
; |AddRoundKey|key[33]       ; |AddRoundKey|key[33]       ; out              ;
; |AddRoundKey|key[34]       ; |AddRoundKey|key[34]       ; out              ;
; |AddRoundKey|key[35]       ; |AddRoundKey|key[35]       ; out              ;
; |AddRoundKey|key[36]       ; |AddRoundKey|key[36]       ; out              ;
; |AddRoundKey|key[37]       ; |AddRoundKey|key[37]       ; out              ;
; |AddRoundKey|key[38]       ; |AddRoundKey|key[38]       ; out              ;
; |AddRoundKey|key[39]       ; |AddRoundKey|key[39]       ; out              ;
; |AddRoundKey|key[40]       ; |AddRoundKey|key[40]       ; out              ;
; |AddRoundKey|key[41]       ; |AddRoundKey|key[41]       ; out              ;
; |AddRoundKey|key[42]       ; |AddRoundKey|key[42]       ; out              ;
; |AddRoundKey|key[43]       ; |AddRoundKey|key[43]       ; out              ;
; |AddRoundKey|key[44]       ; |AddRoundKey|key[44]       ; out              ;
; |AddRoundKey|key[45]       ; |AddRoundKey|key[45]       ; out              ;
; |AddRoundKey|key[46]       ; |AddRoundKey|key[46]       ; out              ;
; |AddRoundKey|key[47]       ; |AddRoundKey|key[47]       ; out              ;
; |AddRoundKey|key[48]       ; |AddRoundKey|key[48]       ; out              ;
; |AddRoundKey|key[49]       ; |AddRoundKey|key[49]       ; out              ;
; |AddRoundKey|key[50]       ; |AddRoundKey|key[50]       ; out              ;
; |AddRoundKey|key[51]       ; |AddRoundKey|key[51]       ; out              ;
; |AddRoundKey|key[52]       ; |AddRoundKey|key[52]       ; out              ;
; |AddRoundKey|key[53]       ; |AddRoundKey|key[53]       ; out              ;
; |AddRoundKey|key[54]       ; |AddRoundKey|key[54]       ; out              ;
; |AddRoundKey|key[55]       ; |AddRoundKey|key[55]       ; out              ;
; |AddRoundKey|key[56]       ; |AddRoundKey|key[56]       ; out              ;
; |AddRoundKey|key[57]       ; |AddRoundKey|key[57]       ; out              ;
; |AddRoundKey|key[58]       ; |AddRoundKey|key[58]       ; out              ;
; |AddRoundKey|key[59]       ; |AddRoundKey|key[59]       ; out              ;
; |AddRoundKey|key[60]       ; |AddRoundKey|key[60]       ; out              ;
; |AddRoundKey|key[61]       ; |AddRoundKey|key[61]       ; out              ;
; |AddRoundKey|key[62]       ; |AddRoundKey|key[62]       ; out              ;
; |AddRoundKey|key[63]       ; |AddRoundKey|key[63]       ; out              ;
; |AddRoundKey|key[64]       ; |AddRoundKey|key[64]       ; out              ;
; |AddRoundKey|key[65]       ; |AddRoundKey|key[65]       ; out              ;
; |AddRoundKey|key[66]       ; |AddRoundKey|key[66]       ; out              ;
; |AddRoundKey|key[67]       ; |AddRoundKey|key[67]       ; out              ;
; |AddRoundKey|key[68]       ; |AddRoundKey|key[68]       ; out              ;
; |AddRoundKey|key[69]       ; |AddRoundKey|key[69]       ; out              ;
; |AddRoundKey|key[70]       ; |AddRoundKey|key[70]       ; out              ;
; |AddRoundKey|key[71]       ; |AddRoundKey|key[71]       ; out              ;
; |AddRoundKey|key[72]       ; |AddRoundKey|key[72]       ; out              ;
; |AddRoundKey|key[73]       ; |AddRoundKey|key[73]       ; out              ;
; |AddRoundKey|key[74]       ; |AddRoundKey|key[74]       ; out              ;
; |AddRoundKey|key[75]       ; |AddRoundKey|key[75]       ; out              ;
; |AddRoundKey|key[76]       ; |AddRoundKey|key[76]       ; out              ;
; |AddRoundKey|key[77]       ; |AddRoundKey|key[77]       ; out              ;
; |AddRoundKey|key[78]       ; |AddRoundKey|key[78]       ; out              ;
; |AddRoundKey|key[79]       ; |AddRoundKey|key[79]       ; out              ;
; |AddRoundKey|key[80]       ; |AddRoundKey|key[80]       ; out              ;
; |AddRoundKey|key[81]       ; |AddRoundKey|key[81]       ; out              ;
; |AddRoundKey|key[82]       ; |AddRoundKey|key[82]       ; out              ;
; |AddRoundKey|key[83]       ; |AddRoundKey|key[83]       ; out              ;
; |AddRoundKey|key[84]       ; |AddRoundKey|key[84]       ; out              ;
; |AddRoundKey|key[85]       ; |AddRoundKey|key[85]       ; out              ;
; |AddRoundKey|key[86]       ; |AddRoundKey|key[86]       ; out              ;
; |AddRoundKey|key[87]       ; |AddRoundKey|key[87]       ; out              ;
; |AddRoundKey|key[88]       ; |AddRoundKey|key[88]       ; out              ;
; |AddRoundKey|key[89]       ; |AddRoundKey|key[89]       ; out              ;
; |AddRoundKey|key[90]       ; |AddRoundKey|key[90]       ; out              ;
; |AddRoundKey|key[91]       ; |AddRoundKey|key[91]       ; out              ;
; |AddRoundKey|key[92]       ; |AddRoundKey|key[92]       ; out              ;
; |AddRoundKey|key[93]       ; |AddRoundKey|key[93]       ; out              ;
; |AddRoundKey|key[94]       ; |AddRoundKey|key[94]       ; out              ;
; |AddRoundKey|key[95]       ; |AddRoundKey|key[95]       ; out              ;
; |AddRoundKey|key[96]       ; |AddRoundKey|key[96]       ; out              ;
; |AddRoundKey|key[97]       ; |AddRoundKey|key[97]       ; out              ;
; |AddRoundKey|key[98]       ; |AddRoundKey|key[98]       ; out              ;
; |AddRoundKey|key[99]       ; |AddRoundKey|key[99]       ; out              ;
; |AddRoundKey|key[100]      ; |AddRoundKey|key[100]      ; out              ;
; |AddRoundKey|key[101]      ; |AddRoundKey|key[101]      ; out              ;
; |AddRoundKey|key[102]      ; |AddRoundKey|key[102]      ; out              ;
; |AddRoundKey|key[103]      ; |AddRoundKey|key[103]      ; out              ;
; |AddRoundKey|key[104]      ; |AddRoundKey|key[104]      ; out              ;
; |AddRoundKey|key[105]      ; |AddRoundKey|key[105]      ; out              ;
; |AddRoundKey|key[106]      ; |AddRoundKey|key[106]      ; out              ;
; |AddRoundKey|key[107]      ; |AddRoundKey|key[107]      ; out              ;
; |AddRoundKey|key[108]      ; |AddRoundKey|key[108]      ; out              ;
; |AddRoundKey|key[109]      ; |AddRoundKey|key[109]      ; out              ;
; |AddRoundKey|key[110]      ; |AddRoundKey|key[110]      ; out              ;
; |AddRoundKey|key[111]      ; |AddRoundKey|key[111]      ; out              ;
; |AddRoundKey|key[112]      ; |AddRoundKey|key[112]      ; out              ;
; |AddRoundKey|key[113]      ; |AddRoundKey|key[113]      ; out              ;
; |AddRoundKey|key[114]      ; |AddRoundKey|key[114]      ; out              ;
; |AddRoundKey|key[115]      ; |AddRoundKey|key[115]      ; out              ;
; |AddRoundKey|key[116]      ; |AddRoundKey|key[116]      ; out              ;
; |AddRoundKey|key[117]      ; |AddRoundKey|key[117]      ; out              ;
; |AddRoundKey|key[118]      ; |AddRoundKey|key[118]      ; out              ;
; |AddRoundKey|key[119]      ; |AddRoundKey|key[119]      ; out              ;
; |AddRoundKey|key[120]      ; |AddRoundKey|key[120]      ; out              ;
; |AddRoundKey|key[121]      ; |AddRoundKey|key[121]      ; out              ;
; |AddRoundKey|key[122]      ; |AddRoundKey|key[122]      ; out              ;
; |AddRoundKey|key[123]      ; |AddRoundKey|key[123]      ; out              ;
; |AddRoundKey|key[124]      ; |AddRoundKey|key[124]      ; out              ;
; |AddRoundKey|key[125]      ; |AddRoundKey|key[125]      ; out              ;
; |AddRoundKey|key[126]      ; |AddRoundKey|key[126]      ; out              ;
; |AddRoundKey|key[127]      ; |AddRoundKey|key[127]      ; out              ;
; |AddRoundKey|output[0]     ; |AddRoundKey|output[0]     ; pin_out          ;
; |AddRoundKey|output[1]     ; |AddRoundKey|output[1]     ; pin_out          ;
; |AddRoundKey|output[2]     ; |AddRoundKey|output[2]     ; pin_out          ;
; |AddRoundKey|output[3]     ; |AddRoundKey|output[3]     ; pin_out          ;
; |AddRoundKey|output[4]     ; |AddRoundKey|output[4]     ; pin_out          ;
; |AddRoundKey|output[5]     ; |AddRoundKey|output[5]     ; pin_out          ;
; |AddRoundKey|output[6]     ; |AddRoundKey|output[6]     ; pin_out          ;
; |AddRoundKey|output[7]     ; |AddRoundKey|output[7]     ; pin_out          ;
; |AddRoundKey|output[8]     ; |AddRoundKey|output[8]     ; pin_out          ;
; |AddRoundKey|output[9]     ; |AddRoundKey|output[9]     ; pin_out          ;
; |AddRoundKey|output[10]    ; |AddRoundKey|output[10]    ; pin_out          ;
; |AddRoundKey|output[11]    ; |AddRoundKey|output[11]    ; pin_out          ;
; |AddRoundKey|output[12]    ; |AddRoundKey|output[12]    ; pin_out          ;
; |AddRoundKey|output[13]    ; |AddRoundKey|output[13]    ; pin_out          ;
; |AddRoundKey|output[14]    ; |AddRoundKey|output[14]    ; pin_out          ;
; |AddRoundKey|output[15]    ; |AddRoundKey|output[15]    ; pin_out          ;
; |AddRoundKey|output[16]    ; |AddRoundKey|output[16]    ; pin_out          ;
; |AddRoundKey|output[17]    ; |AddRoundKey|output[17]    ; pin_out          ;
; |AddRoundKey|output[18]    ; |AddRoundKey|output[18]    ; pin_out          ;
; |AddRoundKey|output[19]    ; |AddRoundKey|output[19]    ; pin_out          ;
; |AddRoundKey|output[20]    ; |AddRoundKey|output[20]    ; pin_out          ;
; |AddRoundKey|output[21]    ; |AddRoundKey|output[21]    ; pin_out          ;
; |AddRoundKey|output[22]    ; |AddRoundKey|output[22]    ; pin_out          ;
; |AddRoundKey|output[23]    ; |AddRoundKey|output[23]    ; pin_out          ;
; |AddRoundKey|output[24]    ; |AddRoundKey|output[24]    ; pin_out          ;
; |AddRoundKey|output[25]    ; |AddRoundKey|output[25]    ; pin_out          ;
; |AddRoundKey|output[26]    ; |AddRoundKey|output[26]    ; pin_out          ;
; |AddRoundKey|output[27]    ; |AddRoundKey|output[27]    ; pin_out          ;
; |AddRoundKey|output[28]    ; |AddRoundKey|output[28]    ; pin_out          ;
; |AddRoundKey|output[29]    ; |AddRoundKey|output[29]    ; pin_out          ;
; |AddRoundKey|output[30]    ; |AddRoundKey|output[30]    ; pin_out          ;
; |AddRoundKey|output[31]    ; |AddRoundKey|output[31]    ; pin_out          ;
; |AddRoundKey|output[32]    ; |AddRoundKey|output[32]    ; pin_out          ;
; |AddRoundKey|output[33]    ; |AddRoundKey|output[33]    ; pin_out          ;
; |AddRoundKey|output[34]    ; |AddRoundKey|output[34]    ; pin_out          ;
; |AddRoundKey|output[35]    ; |AddRoundKey|output[35]    ; pin_out          ;
; |AddRoundKey|output[36]    ; |AddRoundKey|output[36]    ; pin_out          ;
; |AddRoundKey|output[37]    ; |AddRoundKey|output[37]    ; pin_out          ;
; |AddRoundKey|output[38]    ; |AddRoundKey|output[38]    ; pin_out          ;
; |AddRoundKey|output[39]    ; |AddRoundKey|output[39]    ; pin_out          ;
; |AddRoundKey|output[40]    ; |AddRoundKey|output[40]    ; pin_out          ;
; |AddRoundKey|output[41]    ; |AddRoundKey|output[41]    ; pin_out          ;
; |AddRoundKey|output[42]    ; |AddRoundKey|output[42]    ; pin_out          ;
; |AddRoundKey|output[43]    ; |AddRoundKey|output[43]    ; pin_out          ;
; |AddRoundKey|output[44]    ; |AddRoundKey|output[44]    ; pin_out          ;
; |AddRoundKey|output[45]    ; |AddRoundKey|output[45]    ; pin_out          ;
; |AddRoundKey|output[46]    ; |AddRoundKey|output[46]    ; pin_out          ;
; |AddRoundKey|output[47]    ; |AddRoundKey|output[47]    ; pin_out          ;
; |AddRoundKey|output[48]    ; |AddRoundKey|output[48]    ; pin_out          ;
; |AddRoundKey|output[49]    ; |AddRoundKey|output[49]    ; pin_out          ;
; |AddRoundKey|output[50]    ; |AddRoundKey|output[50]    ; pin_out          ;
; |AddRoundKey|output[51]    ; |AddRoundKey|output[51]    ; pin_out          ;
; |AddRoundKey|output[52]    ; |AddRoundKey|output[52]    ; pin_out          ;
; |AddRoundKey|output[53]    ; |AddRoundKey|output[53]    ; pin_out          ;
; |AddRoundKey|output[54]    ; |AddRoundKey|output[54]    ; pin_out          ;
; |AddRoundKey|output[55]    ; |AddRoundKey|output[55]    ; pin_out          ;
; |AddRoundKey|output[56]    ; |AddRoundKey|output[56]    ; pin_out          ;
; |AddRoundKey|output[57]    ; |AddRoundKey|output[57]    ; pin_out          ;
; |AddRoundKey|output[58]    ; |AddRoundKey|output[58]    ; pin_out          ;
; |AddRoundKey|output[59]    ; |AddRoundKey|output[59]    ; pin_out          ;
; |AddRoundKey|output[60]    ; |AddRoundKey|output[60]    ; pin_out          ;
; |AddRoundKey|output[61]    ; |AddRoundKey|output[61]    ; pin_out          ;
; |AddRoundKey|output[62]    ; |AddRoundKey|output[62]    ; pin_out          ;
; |AddRoundKey|output[63]    ; |AddRoundKey|output[63]    ; pin_out          ;
; |AddRoundKey|output[64]    ; |AddRoundKey|output[64]    ; pin_out          ;
; |AddRoundKey|output[65]    ; |AddRoundKey|output[65]    ; pin_out          ;
; |AddRoundKey|output[66]    ; |AddRoundKey|output[66]    ; pin_out          ;
; |AddRoundKey|output[67]    ; |AddRoundKey|output[67]    ; pin_out          ;
; |AddRoundKey|output[68]    ; |AddRoundKey|output[68]    ; pin_out          ;
; |AddRoundKey|output[69]    ; |AddRoundKey|output[69]    ; pin_out          ;
; |AddRoundKey|output[70]    ; |AddRoundKey|output[70]    ; pin_out          ;
; |AddRoundKey|output[71]    ; |AddRoundKey|output[71]    ; pin_out          ;
; |AddRoundKey|output[72]    ; |AddRoundKey|output[72]    ; pin_out          ;
; |AddRoundKey|output[73]    ; |AddRoundKey|output[73]    ; pin_out          ;
; |AddRoundKey|output[74]    ; |AddRoundKey|output[74]    ; pin_out          ;
; |AddRoundKey|output[75]    ; |AddRoundKey|output[75]    ; pin_out          ;
; |AddRoundKey|output[76]    ; |AddRoundKey|output[76]    ; pin_out          ;
; |AddRoundKey|output[77]    ; |AddRoundKey|output[77]    ; pin_out          ;
; |AddRoundKey|output[78]    ; |AddRoundKey|output[78]    ; pin_out          ;
; |AddRoundKey|output[79]    ; |AddRoundKey|output[79]    ; pin_out          ;
; |AddRoundKey|output[80]    ; |AddRoundKey|output[80]    ; pin_out          ;
; |AddRoundKey|output[81]    ; |AddRoundKey|output[81]    ; pin_out          ;
; |AddRoundKey|output[82]    ; |AddRoundKey|output[82]    ; pin_out          ;
; |AddRoundKey|output[83]    ; |AddRoundKey|output[83]    ; pin_out          ;
; |AddRoundKey|output[84]    ; |AddRoundKey|output[84]    ; pin_out          ;
; |AddRoundKey|output[85]    ; |AddRoundKey|output[85]    ; pin_out          ;
; |AddRoundKey|output[86]    ; |AddRoundKey|output[86]    ; pin_out          ;
; |AddRoundKey|output[87]    ; |AddRoundKey|output[87]    ; pin_out          ;
; |AddRoundKey|output[88]    ; |AddRoundKey|output[88]    ; pin_out          ;
; |AddRoundKey|output[89]    ; |AddRoundKey|output[89]    ; pin_out          ;
; |AddRoundKey|output[90]    ; |AddRoundKey|output[90]    ; pin_out          ;
; |AddRoundKey|output[91]    ; |AddRoundKey|output[91]    ; pin_out          ;
; |AddRoundKey|output[92]    ; |AddRoundKey|output[92]    ; pin_out          ;
; |AddRoundKey|output[93]    ; |AddRoundKey|output[93]    ; pin_out          ;
; |AddRoundKey|output[94]    ; |AddRoundKey|output[94]    ; pin_out          ;
; |AddRoundKey|output[95]    ; |AddRoundKey|output[95]    ; pin_out          ;
; |AddRoundKey|output[96]    ; |AddRoundKey|output[96]    ; pin_out          ;
; |AddRoundKey|output[97]    ; |AddRoundKey|output[97]    ; pin_out          ;
; |AddRoundKey|output[98]    ; |AddRoundKey|output[98]    ; pin_out          ;
; |AddRoundKey|output[99]    ; |AddRoundKey|output[99]    ; pin_out          ;
; |AddRoundKey|output[100]   ; |AddRoundKey|output[100]   ; pin_out          ;
; |AddRoundKey|output[101]   ; |AddRoundKey|output[101]   ; pin_out          ;
; |AddRoundKey|output[102]   ; |AddRoundKey|output[102]   ; pin_out          ;
; |AddRoundKey|output[103]   ; |AddRoundKey|output[103]   ; pin_out          ;
; |AddRoundKey|output[104]   ; |AddRoundKey|output[104]   ; pin_out          ;
; |AddRoundKey|output[105]   ; |AddRoundKey|output[105]   ; pin_out          ;
; |AddRoundKey|output[106]   ; |AddRoundKey|output[106]   ; pin_out          ;
; |AddRoundKey|output[107]   ; |AddRoundKey|output[107]   ; pin_out          ;
; |AddRoundKey|output[108]   ; |AddRoundKey|output[108]   ; pin_out          ;
; |AddRoundKey|output[109]   ; |AddRoundKey|output[109]   ; pin_out          ;
; |AddRoundKey|output[110]   ; |AddRoundKey|output[110]   ; pin_out          ;
; |AddRoundKey|output[111]   ; |AddRoundKey|output[111]   ; pin_out          ;
; |AddRoundKey|output[112]   ; |AddRoundKey|output[112]   ; pin_out          ;
; |AddRoundKey|output[113]   ; |AddRoundKey|output[113]   ; pin_out          ;
; |AddRoundKey|output[114]   ; |AddRoundKey|output[114]   ; pin_out          ;
; |AddRoundKey|output[115]   ; |AddRoundKey|output[115]   ; pin_out          ;
; |AddRoundKey|output[116]   ; |AddRoundKey|output[116]   ; pin_out          ;
; |AddRoundKey|output[117]   ; |AddRoundKey|output[117]   ; pin_out          ;
; |AddRoundKey|output[118]   ; |AddRoundKey|output[118]   ; pin_out          ;
; |AddRoundKey|output[119]   ; |AddRoundKey|output[119]   ; pin_out          ;
; |AddRoundKey|output[120]   ; |AddRoundKey|output[120]   ; pin_out          ;
; |AddRoundKey|output[121]   ; |AddRoundKey|output[121]   ; pin_out          ;
; |AddRoundKey|output[122]   ; |AddRoundKey|output[122]   ; pin_out          ;
; |AddRoundKey|output[123]   ; |AddRoundKey|output[123]   ; pin_out          ;
; |AddRoundKey|output[124]   ; |AddRoundKey|output[124]   ; pin_out          ;
; |AddRoundKey|output[125]   ; |AddRoundKey|output[125]   ; pin_out          ;
; |AddRoundKey|output[126]   ; |AddRoundKey|output[126]   ; pin_out          ;
; |AddRoundKey|output[127]   ; |AddRoundKey|output[127]   ; pin_out          ;
+----------------------------+----------------------------+------------------+


The following table displays output ports that do not toggle to 0 during simulation.
+----------------------------------------------------------------------------+
; Missing 0-Value Coverage                                                   ;
+----------------------------+----------------------------+------------------+
; Node Name                  ; Output Port Name           ; Output Port Type ;
+----------------------------+----------------------------+------------------+
; |AddRoundKey|output~0      ; |AddRoundKey|output~0      ; out0             ;
; |AddRoundKey|output~1      ; |AddRoundKey|output~1      ; out0             ;
; |AddRoundKey|output~2      ; |AddRoundKey|output~2      ; out0             ;
; |AddRoundKey|output~3      ; |AddRoundKey|output~3      ; out0             ;
; |AddRoundKey|output~4      ; |AddRoundKey|output~4      ; out0             ;
; |AddRoundKey|output~5      ; |AddRoundKey|output~5      ; out0             ;
; |AddRoundKey|output~6      ; |AddRoundKey|output~6      ; out0             ;
; |AddRoundKey|output~7      ; |AddRoundKey|output~7      ; out0             ;
; |AddRoundKey|output~8      ; |AddRoundKey|output~8      ; out0             ;
; |AddRoundKey|output~9      ; |AddRoundKey|output~9      ; out0             ;
; |AddRoundKey|output~10     ; |AddRoundKey|output~10     ; out0             ;
; |AddRoundKey|output~11     ; |AddRoundKey|output~11     ; out0             ;
; |AddRoundKey|output~12     ; |AddRoundKey|output~12     ; out0             ;
; |AddRoundKey|output~13     ; |AddRoundKey|output~13     ; out0             ;
; |AddRoundKey|output~14     ; |AddRoundKey|output~14     ; out0             ;
; |AddRoundKey|output~15     ; |AddRoundKey|output~15     ; out0             ;
; |AddRoundKey|output~16     ; |AddRoundKey|output~16     ; out0             ;
; |AddRoundKey|output~17     ; |AddRoundKey|output~17     ; out0             ;
; |AddRoundKey|output~18     ; |AddRoundKey|output~18     ; out0             ;
; |AddRoundKey|output~19     ; |AddRoundKey|output~19     ; out0             ;
; |AddRoundKey|output~20     ; |AddRoundKey|output~20     ; out0             ;
; |AddRoundKey|output~21     ; |AddRoundKey|output~21     ; out0             ;
; |AddRoundKey|output~22     ; |AddRoundKey|output~22     ; out0             ;
; |AddRoundKey|output~23     ; |AddRoundKey|output~23     ; out0             ;
; |AddRoundKey|output~24     ; |AddRoundKey|output~24     ; out0             ;
; |AddRoundKey|output~25     ; |AddRoundKey|output~25     ; out0             ;
; |AddRoundKey|output~26     ; |AddRoundKey|output~26     ; out0             ;
; |AddRoundKey|output~27     ; |AddRoundKey|output~27     ; out0             ;
; |AddRoundKey|output~28     ; |AddRoundKey|output~28     ; out0             ;
; |AddRoundKey|output~29     ; |AddRoundKey|output~29     ; out0             ;
; |AddRoundKey|output~30     ; |AddRoundKey|output~30     ; out0             ;
; |AddRoundKey|output~31     ; |AddRoundKey|output~31     ; out0             ;
; |AddRoundKey|output~32     ; |AddRoundKey|output~32     ; out0             ;
; |AddRoundKey|output~33     ; |AddRoundKey|output~33     ; out0             ;
; |AddRoundKey|output~34     ; |AddRoundKey|output~34     ; out0             ;
; |AddRoundKey|output~35     ; |AddRoundKey|output~35     ; out0             ;
; |AddRoundKey|output~36     ; |AddRoundKey|output~36     ; out0             ;
; |AddRoundKey|output~37     ; |AddRoundKey|output~37     ; out0             ;
; |AddRoundKey|output~38     ; |AddRoundKey|output~38     ; out0             ;
; |AddRoundKey|output~39     ; |AddRoundKey|output~39     ; out0             ;
; |AddRoundKey|output~40     ; |AddRoundKey|output~40     ; out0             ;
; |AddRoundKey|output~41     ; |AddRoundKey|output~41     ; out0             ;
; |AddRoundKey|output~42     ; |AddRoundKey|output~42     ; out0             ;
; |AddRoundKey|output~43     ; |AddRoundKey|output~43     ; out0             ;
; |AddRoundKey|output~44     ; |AddRoundKey|output~44     ; out0             ;
; |AddRoundKey|output~45     ; |AddRoundKey|output~45     ; out0             ;
; |AddRoundKey|output~46     ; |AddRoundKey|output~46     ; out0             ;
; |AddRoundKey|output~47     ; |AddRoundKey|output~47     ; out0             ;
; |AddRoundKey|output~48     ; |AddRoundKey|output~48     ; out0             ;
; |AddRoundKey|output~49     ; |AddRoundKey|output~49     ; out0             ;
; |AddRoundKey|output~50     ; |AddRoundKey|output~50     ; out0             ;
; |AddRoundKey|output~51     ; |AddRoundKey|output~51     ; out0             ;
; |AddRoundKey|output~52     ; |AddRoundKey|output~52     ; out0             ;
; |AddRoundKey|output~53     ; |AddRoundKey|output~53     ; out0             ;
; |AddRoundKey|output~54     ; |AddRoundKey|output~54     ; out0             ;
; |AddRoundKey|output~55     ; |AddRoundKey|output~55     ; out0             ;
; |AddRoundKey|output~56     ; |AddRoundKey|output~56     ; out0             ;
; |AddRoundKey|output~57     ; |AddRoundKey|output~57     ; out0             ;
; |AddRoundKey|output~58     ; |AddRoundKey|output~58     ; out0             ;
; |AddRoundKey|output~59     ; |AddRoundKey|output~59     ; out0             ;
; |AddRoundKey|output~60     ; |AddRoundKey|output~60     ; out0             ;
; |AddRoundKey|output~61     ; |AddRoundKey|output~61     ; out0             ;
; |AddRoundKey|output~62     ; |AddRoundKey|output~62     ; out0             ;
; |AddRoundKey|output~63     ; |AddRoundKey|output~63     ; out0             ;
; |AddRoundKey|output~64     ; |AddRoundKey|output~64     ; out0             ;
; |AddRoundKey|output~65     ; |AddRoundKey|output~65     ; out0             ;
; |AddRoundKey|output~66     ; |AddRoundKey|output~66     ; out0             ;
; |AddRoundKey|output~67     ; |AddRoundKey|output~67     ; out0             ;
; |AddRoundKey|output~68     ; |AddRoundKey|output~68     ; out0             ;
; |AddRoundKey|output~69     ; |AddRoundKey|output~69     ; out0             ;
; |AddRoundKey|output~70     ; |AddRoundKey|output~70     ; out0             ;
; |AddRoundKey|output~71     ; |AddRoundKey|output~71     ; out0             ;
; |AddRoundKey|output~72     ; |AddRoundKey|output~72     ; out0             ;
; |AddRoundKey|output~73     ; |AddRoundKey|output~73     ; out0             ;
; |AddRoundKey|output~74     ; |AddRoundKey|output~74     ; out0             ;
; |AddRoundKey|output~75     ; |AddRoundKey|output~75     ; out0             ;
; |AddRoundKey|output~76     ; |AddRoundKey|output~76     ; out0             ;
; |AddRoundKey|output~77     ; |AddRoundKey|output~77     ; out0             ;
; |AddRoundKey|output~78     ; |AddRoundKey|output~78     ; out0             ;
; |AddRoundKey|output~79     ; |AddRoundKey|output~79     ; out0             ;
; |AddRoundKey|output~80     ; |AddRoundKey|output~80     ; out0             ;
; |AddRoundKey|output~81     ; |AddRoundKey|output~81     ; out0             ;
; |AddRoundKey|output~82     ; |AddRoundKey|output~82     ; out0             ;
; |AddRoundKey|output~83     ; |AddRoundKey|output~83     ; out0             ;
; |AddRoundKey|output~84     ; |AddRoundKey|output~84     ; out0             ;
; |AddRoundKey|output~85     ; |AddRoundKey|output~85     ; out0             ;
; |AddRoundKey|output~86     ; |AddRoundKey|output~86     ; out0             ;
; |AddRoundKey|output~87     ; |AddRoundKey|output~87     ; out0             ;
; |AddRoundKey|output~88     ; |AddRoundKey|output~88     ; out0             ;
; |AddRoundKey|output~89     ; |AddRoundKey|output~89     ; out0             ;
; |AddRoundKey|output~90     ; |AddRoundKey|output~90     ; out0             ;
; |AddRoundKey|output~91     ; |AddRoundKey|output~91     ; out0             ;
; |AddRoundKey|output~92     ; |AddRoundKey|output~92     ; out0             ;
; |AddRoundKey|output~93     ; |AddRoundKey|output~93     ; out0             ;
; |AddRoundKey|output~94     ; |AddRoundKey|output~94     ; out0             ;
; |AddRoundKey|output~95     ; |AddRoundKey|output~95     ; out0             ;
; |AddRoundKey|output~96     ; |AddRoundKey|output~96     ; out0             ;
; |AddRoundKey|output~97     ; |AddRoundKey|output~97     ; out0             ;
; |AddRoundKey|output~98     ; |AddRoundKey|output~98     ; out0             ;
; |AddRoundKey|output~99     ; |AddRoundKey|output~99     ; out0             ;
; |AddRoundKey|output~100    ; |AddRoundKey|output~100    ; out0             ;
; |AddRoundKey|output~101    ; |AddRoundKey|output~101    ; out0             ;
; |AddRoundKey|output~102    ; |AddRoundKey|output~102    ; out0             ;
; |AddRoundKey|output~103    ; |AddRoundKey|output~103    ; out0             ;
; |AddRoundKey|output~104    ; |AddRoundKey|output~104    ; out0             ;
; |AddRoundKey|output~105    ; |AddRoundKey|output~105    ; out0             ;
; |AddRoundKey|output~106    ; |AddRoundKey|output~106    ; out0             ;
; |AddRoundKey|output~107    ; |AddRoundKey|output~107    ; out0             ;
; |AddRoundKey|output~108    ; |AddRoundKey|output~108    ; out0             ;
; |AddRoundKey|output~109    ; |AddRoundKey|output~109    ; out0             ;
; |AddRoundKey|output~110    ; |AddRoundKey|output~110    ; out0             ;
; |AddRoundKey|output~111    ; |AddRoundKey|output~111    ; out0             ;
; |AddRoundKey|output~112    ; |AddRoundKey|output~112    ; out0             ;
; |AddRoundKey|output~113    ; |AddRoundKey|output~113    ; out0             ;
; |AddRoundKey|output~114    ; |AddRoundKey|output~114    ; out0             ;
; |AddRoundKey|output~115    ; |AddRoundKey|output~115    ; out0             ;
; |AddRoundKey|output~116    ; |AddRoundKey|output~116    ; out0             ;
; |AddRoundKey|output~117    ; |AddRoundKey|output~117    ; out0             ;
; |AddRoundKey|output~118    ; |AddRoundKey|output~118    ; out0             ;
; |AddRoundKey|output~119    ; |AddRoundKey|output~119    ; out0             ;
; |AddRoundKey|output~120    ; |AddRoundKey|output~120    ; out0             ;
; |AddRoundKey|output~121    ; |AddRoundKey|output~121    ; out0             ;
; |AddRoundKey|output~122    ; |AddRoundKey|output~122    ; out0             ;
; |AddRoundKey|output~123    ; |AddRoundKey|output~123    ; out0             ;
; |AddRoundKey|output~124    ; |AddRoundKey|output~124    ; out0             ;
; |AddRoundKey|output~125    ; |AddRoundKey|output~125    ; out0             ;
; |AddRoundKey|output~126    ; |AddRoundKey|output~126    ; out0             ;
; |AddRoundKey|output~127    ; |AddRoundKey|output~127    ; out0             ;
; |AddRoundKey|col_0_add[0]  ; |AddRoundKey|col_0_add[0]  ; out              ;
; |AddRoundKey|col_0_add[1]  ; |AddRoundKey|col_0_add[1]  ; out              ;
; |AddRoundKey|col_0_add[2]  ; |AddRoundKey|col_0_add[2]  ; out              ;
; |AddRoundKey|col_0_add[3]  ; |AddRoundKey|col_0_add[3]  ; out              ;
; |AddRoundKey|col_0_add[4]  ; |AddRoundKey|col_0_add[4]  ; out              ;
; |AddRoundKey|col_0_add[5]  ; |AddRoundKey|col_0_add[5]  ; out              ;
; |AddRoundKey|col_0_add[6]  ; |AddRoundKey|col_0_add[6]  ; out              ;
; |AddRoundKey|col_0_add[7]  ; |AddRoundKey|col_0_add[7]  ; out              ;
; |AddRoundKey|col_0_add[8]  ; |AddRoundKey|col_0_add[8]  ; out              ;
; |AddRoundKey|col_0_add[9]  ; |AddRoundKey|col_0_add[9]  ; out              ;
; |AddRoundKey|col_0_add[10] ; |AddRoundKey|col_0_add[10] ; out              ;
; |AddRoundKey|col_0_add[11] ; |AddRoundKey|col_0_add[11] ; out              ;
; |AddRoundKey|col_0_add[12] ; |AddRoundKey|col_0_add[12] ; out              ;
; |AddRoundKey|col_0_add[13] ; |AddRoundKey|col_0_add[13] ; out              ;
; |AddRoundKey|col_0_add[14] ; |AddRoundKey|col_0_add[14] ; out              ;
; |AddRoundKey|col_0_add[15] ; |AddRoundKey|col_0_add[15] ; out              ;
; |AddRoundKey|col_0_add[16] ; |AddRoundKey|col_0_add[16] ; out              ;
; |AddRoundKey|col_0_add[17] ; |AddRoundKey|col_0_add[17] ; out              ;
; |AddRoundKey|col_0_add[18] ; |AddRoundKey|col_0_add[18] ; out              ;
; |AddRoundKey|col_0_add[19] ; |AddRoundKey|col_0_add[19] ; out              ;
; |AddRoundKey|col_0_add[20] ; |AddRoundKey|col_0_add[20] ; out              ;
; |AddRoundKey|col_0_add[21] ; |AddRoundKey|col_0_add[21] ; out              ;
; |AddRoundKey|col_0_add[22] ; |AddRoundKey|col_0_add[22] ; out              ;
; |AddRoundKey|col_0_add[23] ; |AddRoundKey|col_0_add[23] ; out              ;
; |AddRoundKey|col_0_add[24] ; |AddRoundKey|col_0_add[24] ; out              ;
; |AddRoundKey|col_0_add[25] ; |AddRoundKey|col_0_add[25] ; out              ;
; |AddRoundKey|col_0_add[26] ; |AddRoundKey|col_0_add[26] ; out              ;
; |AddRoundKey|col_0_add[27] ; |AddRoundKey|col_0_add[27] ; out              ;
; |AddRoundKey|col_0_add[28] ; |AddRoundKey|col_0_add[28] ; out              ;
; |AddRoundKey|col_0_add[29] ; |AddRoundKey|col_0_add[29] ; out              ;
; |AddRoundKey|col_0_add[30] ; |AddRoundKey|col_0_add[30] ; out              ;
; |AddRoundKey|col_0_add[31] ; |AddRoundKey|col_0_add[31] ; out              ;
; |AddRoundKey|col_1_add[0]  ; |AddRoundKey|col_1_add[0]  ; out              ;
; |AddRoundKey|col_1_add[1]  ; |AddRoundKey|col_1_add[1]  ; out              ;
; |AddRoundKey|col_1_add[2]  ; |AddRoundKey|col_1_add[2]  ; out              ;
; |AddRoundKey|col_1_add[3]  ; |AddRoundKey|col_1_add[3]  ; out              ;
; |AddRoundKey|col_1_add[4]  ; |AddRoundKey|col_1_add[4]  ; out              ;
; |AddRoundKey|col_1_add[5]  ; |AddRoundKey|col_1_add[5]  ; out              ;
; |AddRoundKey|col_1_add[6]  ; |AddRoundKey|col_1_add[6]  ; out              ;
; |AddRoundKey|col_1_add[7]  ; |AddRoundKey|col_1_add[7]  ; out              ;
; |AddRoundKey|col_1_add[8]  ; |AddRoundKey|col_1_add[8]  ; out              ;
; |AddRoundKey|col_1_add[9]  ; |AddRoundKey|col_1_add[9]  ; out              ;
; |AddRoundKey|col_1_add[10] ; |AddRoundKey|col_1_add[10] ; out              ;
; |AddRoundKey|col_1_add[11] ; |AddRoundKey|col_1_add[11] ; out              ;
; |AddRoundKey|col_1_add[12] ; |AddRoundKey|col_1_add[12] ; out              ;
; |AddRoundKey|col_1_add[13] ; |AddRoundKey|col_1_add[13] ; out              ;
; |AddRoundKey|col_1_add[14] ; |AddRoundKey|col_1_add[14] ; out              ;
; |AddRoundKey|col_1_add[15] ; |AddRoundKey|col_1_add[15] ; out              ;
; |AddRoundKey|col_1_add[16] ; |AddRoundKey|col_1_add[16] ; out              ;
; |AddRoundKey|col_1_add[17] ; |AddRoundKey|col_1_add[17] ; out              ;
; |AddRoundKey|col_1_add[18] ; |AddRoundKey|col_1_add[18] ; out              ;
; |AddRoundKey|col_1_add[19] ; |AddRoundKey|col_1_add[19] ; out              ;
; |AddRoundKey|col_1_add[20] ; |AddRoundKey|col_1_add[20] ; out              ;
; |AddRoundKey|col_1_add[21] ; |AddRoundKey|col_1_add[21] ; out              ;
; |AddRoundKey|col_1_add[22] ; |AddRoundKey|col_1_add[22] ; out              ;
; |AddRoundKey|col_1_add[23] ; |AddRoundKey|col_1_add[23] ; out              ;
; |AddRoundKey|col_1_add[24] ; |AddRoundKey|col_1_add[24] ; out              ;
; |AddRoundKey|col_1_add[25] ; |AddRoundKey|col_1_add[25] ; out              ;
; |AddRoundKey|col_1_add[26] ; |AddRoundKey|col_1_add[26] ; out              ;
; |AddRoundKey|col_1_add[27] ; |AddRoundKey|col_1_add[27] ; out              ;
; |AddRoundKey|col_1_add[28] ; |AddRoundKey|col_1_add[28] ; out              ;
; |AddRoundKey|col_1_add[29] ; |AddRoundKey|col_1_add[29] ; out              ;
; |AddRoundKey|col_1_add[30] ; |AddRoundKey|col_1_add[30] ; out              ;
; |AddRoundKey|col_1_add[31] ; |AddRoundKey|col_1_add[31] ; out              ;
; |AddRoundKey|col_2_add[0]  ; |AddRoundKey|col_2_add[0]  ; out              ;
; |AddRoundKey|col_2_add[1]  ; |AddRoundKey|col_2_add[1]  ; out              ;
; |AddRoundKey|col_2_add[2]  ; |AddRoundKey|col_2_add[2]  ; out              ;
; |AddRoundKey|col_2_add[3]  ; |AddRoundKey|col_2_add[3]  ; out              ;
; |AddRoundKey|col_2_add[4]  ; |AddRoundKey|col_2_add[4]  ; out              ;
; |AddRoundKey|col_2_add[5]  ; |AddRoundKey|col_2_add[5]  ; out              ;
; |AddRoundKey|col_2_add[6]  ; |AddRoundKey|col_2_add[6]  ; out              ;
; |AddRoundKey|col_2_add[7]  ; |AddRoundKey|col_2_add[7]  ; out              ;
; |AddRoundKey|col_2_add[8]  ; |AddRoundKey|col_2_add[8]  ; out              ;
; |AddRoundKey|col_2_add[9]  ; |AddRoundKey|col_2_add[9]  ; out              ;
; |AddRoundKey|col_2_add[10] ; |AddRoundKey|col_2_add[10] ; out              ;
; |AddRoundKey|col_2_add[11] ; |AddRoundKey|col_2_add[11] ; out              ;
; |AddRoundKey|col_2_add[12] ; |AddRoundKey|col_2_add[12] ; out              ;
; |AddRoundKey|col_2_add[13] ; |AddRoundKey|col_2_add[13] ; out              ;
; |AddRoundKey|col_2_add[14] ; |AddRoundKey|col_2_add[14] ; out              ;
; |AddRoundKey|col_2_add[15] ; |AddRoundKey|col_2_add[15] ; out              ;
; |AddRoundKey|col_2_add[16] ; |AddRoundKey|col_2_add[16] ; out              ;
; |AddRoundKey|col_2_add[17] ; |AddRoundKey|col_2_add[17] ; out              ;
; |AddRoundKey|col_2_add[18] ; |AddRoundKey|col_2_add[18] ; out              ;
; |AddRoundKey|col_2_add[19] ; |AddRoundKey|col_2_add[19] ; out              ;
; |AddRoundKey|col_2_add[20] ; |AddRoundKey|col_2_add[20] ; out              ;
; |AddRoundKey|col_2_add[21] ; |AddRoundKey|col_2_add[21] ; out              ;
; |AddRoundKey|col_2_add[22] ; |AddRoundKey|col_2_add[22] ; out              ;
; |AddRoundKey|col_2_add[23] ; |AddRoundKey|col_2_add[23] ; out              ;
; |AddRoundKey|col_2_add[24] ; |AddRoundKey|col_2_add[24] ; out              ;
; |AddRoundKey|col_2_add[25] ; |AddRoundKey|col_2_add[25] ; out              ;
; |AddRoundKey|col_2_add[26] ; |AddRoundKey|col_2_add[26] ; out              ;
; |AddRoundKey|col_2_add[27] ; |AddRoundKey|col_2_add[27] ; out              ;
; |AddRoundKey|col_2_add[28] ; |AddRoundKey|col_2_add[28] ; out              ;
; |AddRoundKey|col_2_add[29] ; |AddRoundKey|col_2_add[29] ; out              ;
; |AddRoundKey|col_2_add[30] ; |AddRoundKey|col_2_add[30] ; out              ;
; |AddRoundKey|col_2_add[31] ; |AddRoundKey|col_2_add[31] ; out              ;
; |AddRoundKey|col_3_add[0]  ; |AddRoundKey|col_3_add[0]  ; out              ;
; |AddRoundKey|col_3_add[1]  ; |AddRoundKey|col_3_add[1]  ; out              ;
; |AddRoundKey|col_3_add[2]  ; |AddRoundKey|col_3_add[2]  ; out              ;
; |AddRoundKey|col_3_add[3]  ; |AddRoundKey|col_3_add[3]  ; out              ;
; |AddRoundKey|col_3_add[4]  ; |AddRoundKey|col_3_add[4]  ; out              ;
; |AddRoundKey|col_3_add[5]  ; |AddRoundKey|col_3_add[5]  ; out              ;
; |AddRoundKey|col_3_add[6]  ; |AddRoundKey|col_3_add[6]  ; out              ;
; |AddRoundKey|col_3_add[7]  ; |AddRoundKey|col_3_add[7]  ; out              ;
; |AddRoundKey|col_3_add[8]  ; |AddRoundKey|col_3_add[8]  ; out              ;
; |AddRoundKey|col_3_add[9]  ; |AddRoundKey|col_3_add[9]  ; out              ;
; |AddRoundKey|col_3_add[10] ; |AddRoundKey|col_3_add[10] ; out              ;
; |AddRoundKey|col_3_add[11] ; |AddRoundKey|col_3_add[11] ; out              ;
; |AddRoundKey|col_3_add[12] ; |AddRoundKey|col_3_add[12] ; out              ;
; |AddRoundKey|col_3_add[13] ; |AddRoundKey|col_3_add[13] ; out              ;
; |AddRoundKey|col_3_add[14] ; |AddRoundKey|col_3_add[14] ; out              ;
; |AddRoundKey|col_3_add[15] ; |AddRoundKey|col_3_add[15] ; out              ;
; |AddRoundKey|col_3_add[16] ; |AddRoundKey|col_3_add[16] ; out              ;
; |AddRoundKey|col_3_add[17] ; |AddRoundKey|col_3_add[17] ; out              ;
; |AddRoundKey|col_3_add[18] ; |AddRoundKey|col_3_add[18] ; out              ;
; |AddRoundKey|col_3_add[19] ; |AddRoundKey|col_3_add[19] ; out              ;
; |AddRoundKey|col_3_add[20] ; |AddRoundKey|col_3_add[20] ; out              ;
; |AddRoundKey|col_3_add[21] ; |AddRoundKey|col_3_add[21] ; out              ;
; |AddRoundKey|col_3_add[22] ; |AddRoundKey|col_3_add[22] ; out              ;
; |AddRoundKey|col_3_add[23] ; |AddRoundKey|col_3_add[23] ; out              ;
; |AddRoundKey|col_3_add[24] ; |AddRoundKey|col_3_add[24] ; out              ;
; |AddRoundKey|col_3_add[25] ; |AddRoundKey|col_3_add[25] ; out              ;
; |AddRoundKey|col_3_add[26] ; |AddRoundKey|col_3_add[26] ; out              ;
; |AddRoundKey|col_3_add[27] ; |AddRoundKey|col_3_add[27] ; out              ;
; |AddRoundKey|col_3_add[28] ; |AddRoundKey|col_3_add[28] ; out              ;
; |AddRoundKey|col_3_add[29] ; |AddRoundKey|col_3_add[29] ; out              ;
; |AddRoundKey|col_3_add[30] ; |AddRoundKey|col_3_add[30] ; out              ;
; |AddRoundKey|col_3_add[31] ; |AddRoundKey|col_3_add[31] ; out              ;
; |AddRoundKey|key[0]        ; |AddRoundKey|key[0]        ; out              ;
; |AddRoundKey|key[1]        ; |AddRoundKey|key[1]        ; out              ;
; |AddRoundKey|key[2]        ; |AddRoundKey|key[2]        ; out              ;
; |AddRoundKey|key[3]        ; |AddRoundKey|key[3]        ; out              ;
; |AddRoundKey|key[4]        ; |AddRoundKey|key[4]        ; out              ;
; |AddRoundKey|key[5]        ; |AddRoundKey|key[5]        ; out              ;
; |AddRoundKey|key[6]        ; |AddRoundKey|key[6]        ; out              ;
; |AddRoundKey|key[7]        ; |AddRoundKey|key[7]        ; out              ;
; |AddRoundKey|key[8]        ; |AddRoundKey|key[8]        ; out              ;
; |AddRoundKey|key[9]        ; |AddRoundKey|key[9]        ; out              ;
; |AddRoundKey|key[10]       ; |AddRoundKey|key[10]       ; out              ;
; |AddRoundKey|key[11]       ; |AddRoundKey|key[11]       ; out              ;
; |AddRoundKey|key[12]       ; |AddRoundKey|key[12]       ; out              ;
; |AddRoundKey|key[13]       ; |AddRoundKey|key[13]       ; out              ;
; |AddRoundKey|key[14]       ; |AddRoundKey|key[14]       ; out              ;
; |AddRoundKey|key[15]       ; |AddRoundKey|key[15]       ; out              ;
; |AddRoundKey|key[16]       ; |AddRoundKey|key[16]       ; out              ;
; |AddRoundKey|key[17]       ; |AddRoundKey|key[17]       ; out              ;
; |AddRoundKey|key[18]       ; |AddRoundKey|key[18]       ; out              ;
; |AddRoundKey|key[19]       ; |AddRoundKey|key[19]       ; out              ;
; |AddRoundKey|key[20]       ; |AddRoundKey|key[20]       ; out              ;
; |AddRoundKey|key[21]       ; |AddRoundKey|key[21]       ; out              ;
; |AddRoundKey|key[22]       ; |AddRoundKey|key[22]       ; out              ;
; |AddRoundKey|key[23]       ; |AddRoundKey|key[23]       ; out              ;
; |AddRoundKey|key[24]       ; |AddRoundKey|key[24]       ; out              ;
; |AddRoundKey|key[25]       ; |AddRoundKey|key[25]       ; out              ;
; |AddRoundKey|key[26]       ; |AddRoundKey|key[26]       ; out              ;
; |AddRoundKey|key[27]       ; |AddRoundKey|key[27]       ; out              ;
; |AddRoundKey|key[28]       ; |AddRoundKey|key[28]       ; out              ;
; |AddRoundKey|key[29]       ; |AddRoundKey|key[29]       ; out              ;
; |AddRoundKey|key[30]       ; |AddRoundKey|key[30]       ; out              ;
; |AddRoundKey|key[31]       ; |AddRoundKey|key[31]       ; out              ;
; |AddRoundKey|key[32]       ; |AddRoundKey|key[32]       ; out              ;
; |AddRoundKey|key[33]       ; |AddRoundKey|key[33]       ; out              ;
; |AddRoundKey|key[34]       ; |AddRoundKey|key[34]       ; out              ;
; |AddRoundKey|key[35]       ; |AddRoundKey|key[35]       ; out              ;
; |AddRoundKey|key[36]       ; |AddRoundKey|key[36]       ; out              ;
; |AddRoundKey|key[37]       ; |AddRoundKey|key[37]       ; out              ;
; |AddRoundKey|key[38]       ; |AddRoundKey|key[38]       ; out              ;
; |AddRoundKey|key[39]       ; |AddRoundKey|key[39]       ; out              ;
; |AddRoundKey|key[40]       ; |AddRoundKey|key[40]       ; out              ;
; |AddRoundKey|key[41]       ; |AddRoundKey|key[41]       ; out              ;
; |AddRoundKey|key[42]       ; |AddRoundKey|key[42]       ; out              ;
; |AddRoundKey|key[43]       ; |AddRoundKey|key[43]       ; out              ;
; |AddRoundKey|key[44]       ; |AddRoundKey|key[44]       ; out              ;
; |AddRoundKey|key[45]       ; |AddRoundKey|key[45]       ; out              ;
; |AddRoundKey|key[46]       ; |AddRoundKey|key[46]       ; out              ;
; |AddRoundKey|key[47]       ; |AddRoundKey|key[47]       ; out              ;
; |AddRoundKey|key[48]       ; |AddRoundKey|key[48]       ; out              ;
; |AddRoundKey|key[49]       ; |AddRoundKey|key[49]       ; out              ;
; |AddRoundKey|key[50]       ; |AddRoundKey|key[50]       ; out              ;
; |AddRoundKey|key[51]       ; |AddRoundKey|key[51]       ; out              ;
; |AddRoundKey|key[52]       ; |AddRoundKey|key[52]       ; out              ;
; |AddRoundKey|key[53]       ; |AddRoundKey|key[53]       ; out              ;
; |AddRoundKey|key[54]       ; |AddRoundKey|key[54]       ; out              ;
; |AddRoundKey|key[55]       ; |AddRoundKey|key[55]       ; out              ;
; |AddRoundKey|key[56]       ; |AddRoundKey|key[56]       ; out              ;
; |AddRoundKey|key[57]       ; |AddRoundKey|key[57]       ; out              ;
; |AddRoundKey|key[58]       ; |AddRoundKey|key[58]       ; out              ;
; |AddRoundKey|key[59]       ; |AddRoundKey|key[59]       ; out              ;
; |AddRoundKey|key[60]       ; |AddRoundKey|key[60]       ; out              ;
; |AddRoundKey|key[61]       ; |AddRoundKey|key[61]       ; out              ;
; |AddRoundKey|key[62]       ; |AddRoundKey|key[62]       ; out              ;
; |AddRoundKey|key[63]       ; |AddRoundKey|key[63]       ; out              ;
; |AddRoundKey|key[64]       ; |AddRoundKey|key[64]       ; out              ;
; |AddRoundKey|key[65]       ; |AddRoundKey|key[65]       ; out              ;
; |AddRoundKey|key[66]       ; |AddRoundKey|key[66]       ; out              ;
; |AddRoundKey|key[67]       ; |AddRoundKey|key[67]       ; out              ;
; |AddRoundKey|key[68]       ; |AddRoundKey|key[68]       ; out              ;
; |AddRoundKey|key[69]       ; |AddRoundKey|key[69]       ; out              ;
; |AddRoundKey|key[70]       ; |AddRoundKey|key[70]       ; out              ;
; |AddRoundKey|key[71]       ; |AddRoundKey|key[71]       ; out              ;
; |AddRoundKey|key[72]       ; |AddRoundKey|key[72]       ; out              ;
; |AddRoundKey|key[73]       ; |AddRoundKey|key[73]       ; out              ;
; |AddRoundKey|key[74]       ; |AddRoundKey|key[74]       ; out              ;
; |AddRoundKey|key[75]       ; |AddRoundKey|key[75]       ; out              ;
; |AddRoundKey|key[76]       ; |AddRoundKey|key[76]       ; out              ;
; |AddRoundKey|key[77]       ; |AddRoundKey|key[77]       ; out              ;
; |AddRoundKey|key[78]       ; |AddRoundKey|key[78]       ; out              ;
; |AddRoundKey|key[79]       ; |AddRoundKey|key[79]       ; out              ;
; |AddRoundKey|key[80]       ; |AddRoundKey|key[80]       ; out              ;
; |AddRoundKey|key[81]       ; |AddRoundKey|key[81]       ; out              ;
; |AddRoundKey|key[82]       ; |AddRoundKey|key[82]       ; out              ;
; |AddRoundKey|key[83]       ; |AddRoundKey|key[83]       ; out              ;
; |AddRoundKey|key[84]       ; |AddRoundKey|key[84]       ; out              ;
; |AddRoundKey|key[85]       ; |AddRoundKey|key[85]       ; out              ;
; |AddRoundKey|key[86]       ; |AddRoundKey|key[86]       ; out              ;
; |AddRoundKey|key[87]       ; |AddRoundKey|key[87]       ; out              ;
; |AddRoundKey|key[88]       ; |AddRoundKey|key[88]       ; out              ;
; |AddRoundKey|key[89]       ; |AddRoundKey|key[89]       ; out              ;
; |AddRoundKey|key[90]       ; |AddRoundKey|key[90]       ; out              ;
; |AddRoundKey|key[91]       ; |AddRoundKey|key[91]       ; out              ;
; |AddRoundKey|key[92]       ; |AddRoundKey|key[92]       ; out              ;
; |AddRoundKey|key[93]       ; |AddRoundKey|key[93]       ; out              ;
; |AddRoundKey|key[94]       ; |AddRoundKey|key[94]       ; out              ;
; |AddRoundKey|key[95]       ; |AddRoundKey|key[95]       ; out              ;
; |AddRoundKey|key[96]       ; |AddRoundKey|key[96]       ; out              ;
; |AddRoundKey|key[97]       ; |AddRoundKey|key[97]       ; out              ;
; |AddRoundKey|key[98]       ; |AddRoundKey|key[98]       ; out              ;
; |AddRoundKey|key[99]       ; |AddRoundKey|key[99]       ; out              ;
; |AddRoundKey|key[100]      ; |AddRoundKey|key[100]      ; out              ;
; |AddRoundKey|key[101]      ; |AddRoundKey|key[101]      ; out              ;
; |AddRoundKey|key[102]      ; |AddRoundKey|key[102]      ; out              ;
; |AddRoundKey|key[103]      ; |AddRoundKey|key[103]      ; out              ;
; |AddRoundKey|key[104]      ; |AddRoundKey|key[104]      ; out              ;
; |AddRoundKey|key[105]      ; |AddRoundKey|key[105]      ; out              ;
; |AddRoundKey|key[106]      ; |AddRoundKey|key[106]      ; out              ;
; |AddRoundKey|key[107]      ; |AddRoundKey|key[107]      ; out              ;
; |AddRoundKey|key[108]      ; |AddRoundKey|key[108]      ; out              ;
; |AddRoundKey|key[109]      ; |AddRoundKey|key[109]      ; out              ;
; |AddRoundKey|key[110]      ; |AddRoundKey|key[110]      ; out              ;
; |AddRoundKey|key[111]      ; |AddRoundKey|key[111]      ; out              ;
; |AddRoundKey|key[112]      ; |AddRoundKey|key[112]      ; out              ;
; |AddRoundKey|key[113]      ; |AddRoundKey|key[113]      ; out              ;
; |AddRoundKey|key[114]      ; |AddRoundKey|key[114]      ; out              ;
; |AddRoundKey|key[115]      ; |AddRoundKey|key[115]      ; out              ;
; |AddRoundKey|key[116]      ; |AddRoundKey|key[116]      ; out              ;
; |AddRoundKey|key[117]      ; |AddRoundKey|key[117]      ; out              ;
; |AddRoundKey|key[118]      ; |AddRoundKey|key[118]      ; out              ;
; |AddRoundKey|key[119]      ; |AddRoundKey|key[119]      ; out              ;
; |AddRoundKey|key[120]      ; |AddRoundKey|key[120]      ; out              ;
; |AddRoundKey|key[121]      ; |AddRoundKey|key[121]      ; out              ;
; |AddRoundKey|key[122]      ; |AddRoundKey|key[122]      ; out              ;
; |AddRoundKey|key[123]      ; |AddRoundKey|key[123]      ; out              ;
; |AddRoundKey|key[124]      ; |AddRoundKey|key[124]      ; out              ;
; |AddRoundKey|key[125]      ; |AddRoundKey|key[125]      ; out              ;
; |AddRoundKey|key[126]      ; |AddRoundKey|key[126]      ; out              ;
; |AddRoundKey|key[127]      ; |AddRoundKey|key[127]      ; out              ;
; |AddRoundKey|output[0]     ; |AddRoundKey|output[0]     ; pin_out          ;
; |AddRoundKey|output[1]     ; |AddRoundKey|output[1]     ; pin_out          ;
; |AddRoundKey|output[2]     ; |AddRoundKey|output[2]     ; pin_out          ;
; |AddRoundKey|output[3]     ; |AddRoundKey|output[3]     ; pin_out          ;
; |AddRoundKey|output[4]     ; |AddRoundKey|output[4]     ; pin_out          ;
; |AddRoundKey|output[5]     ; |AddRoundKey|output[5]     ; pin_out          ;
; |AddRoundKey|output[6]     ; |AddRoundKey|output[6]     ; pin_out          ;
; |AddRoundKey|output[7]     ; |AddRoundKey|output[7]     ; pin_out          ;
; |AddRoundKey|output[8]     ; |AddRoundKey|output[8]     ; pin_out          ;
; |AddRoundKey|output[9]     ; |AddRoundKey|output[9]     ; pin_out          ;
; |AddRoundKey|output[10]    ; |AddRoundKey|output[10]    ; pin_out          ;
; |AddRoundKey|output[11]    ; |AddRoundKey|output[11]    ; pin_out          ;
; |AddRoundKey|output[12]    ; |AddRoundKey|output[12]    ; pin_out          ;
; |AddRoundKey|output[13]    ; |AddRoundKey|output[13]    ; pin_out          ;
; |AddRoundKey|output[14]    ; |AddRoundKey|output[14]    ; pin_out          ;
; |AddRoundKey|output[15]    ; |AddRoundKey|output[15]    ; pin_out          ;
; |AddRoundKey|output[16]    ; |AddRoundKey|output[16]    ; pin_out          ;
; |AddRoundKey|output[17]    ; |AddRoundKey|output[17]    ; pin_out          ;
; |AddRoundKey|output[18]    ; |AddRoundKey|output[18]    ; pin_out          ;
; |AddRoundKey|output[19]    ; |AddRoundKey|output[19]    ; pin_out          ;
; |AddRoundKey|output[20]    ; |AddRoundKey|output[20]    ; pin_out          ;
; |AddRoundKey|output[21]    ; |AddRoundKey|output[21]    ; pin_out          ;
; |AddRoundKey|output[22]    ; |AddRoundKey|output[22]    ; pin_out          ;
; |AddRoundKey|output[23]    ; |AddRoundKey|output[23]    ; pin_out          ;
; |AddRoundKey|output[24]    ; |AddRoundKey|output[24]    ; pin_out          ;
; |AddRoundKey|output[25]    ; |AddRoundKey|output[25]    ; pin_out          ;
; |AddRoundKey|output[26]    ; |AddRoundKey|output[26]    ; pin_out          ;
; |AddRoundKey|output[27]    ; |AddRoundKey|output[27]    ; pin_out          ;
; |AddRoundKey|output[28]    ; |AddRoundKey|output[28]    ; pin_out          ;
; |AddRoundKey|output[29]    ; |AddRoundKey|output[29]    ; pin_out          ;
; |AddRoundKey|output[30]    ; |AddRoundKey|output[30]    ; pin_out          ;
; |AddRoundKey|output[31]    ; |AddRoundKey|output[31]    ; pin_out          ;
; |AddRoundKey|output[32]    ; |AddRoundKey|output[32]    ; pin_out          ;
; |AddRoundKey|output[33]    ; |AddRoundKey|output[33]    ; pin_out          ;
; |AddRoundKey|output[34]    ; |AddRoundKey|output[34]    ; pin_out          ;
; |AddRoundKey|output[35]    ; |AddRoundKey|output[35]    ; pin_out          ;
; |AddRoundKey|output[36]    ; |AddRoundKey|output[36]    ; pin_out          ;
; |AddRoundKey|output[37]    ; |AddRoundKey|output[37]    ; pin_out          ;
; |AddRoundKey|output[38]    ; |AddRoundKey|output[38]    ; pin_out          ;
; |AddRoundKey|output[39]    ; |AddRoundKey|output[39]    ; pin_out          ;
; |AddRoundKey|output[40]    ; |AddRoundKey|output[40]    ; pin_out          ;
; |AddRoundKey|output[41]    ; |AddRoundKey|output[41]    ; pin_out          ;
; |AddRoundKey|output[42]    ; |AddRoundKey|output[42]    ; pin_out          ;
; |AddRoundKey|output[43]    ; |AddRoundKey|output[43]    ; pin_out          ;
; |AddRoundKey|output[44]    ; |AddRoundKey|output[44]    ; pin_out          ;
; |AddRoundKey|output[45]    ; |AddRoundKey|output[45]    ; pin_out          ;
; |AddRoundKey|output[46]    ; |AddRoundKey|output[46]    ; pin_out          ;
; |AddRoundKey|output[47]    ; |AddRoundKey|output[47]    ; pin_out          ;
; |AddRoundKey|output[48]    ; |AddRoundKey|output[48]    ; pin_out          ;
; |AddRoundKey|output[49]    ; |AddRoundKey|output[49]    ; pin_out          ;
; |AddRoundKey|output[50]    ; |AddRoundKey|output[50]    ; pin_out          ;
; |AddRoundKey|output[51]    ; |AddRoundKey|output[51]    ; pin_out          ;
; |AddRoundKey|output[52]    ; |AddRoundKey|output[52]    ; pin_out          ;
; |AddRoundKey|output[53]    ; |AddRoundKey|output[53]    ; pin_out          ;
; |AddRoundKey|output[54]    ; |AddRoundKey|output[54]    ; pin_out          ;
; |AddRoundKey|output[55]    ; |AddRoundKey|output[55]    ; pin_out          ;
; |AddRoundKey|output[56]    ; |AddRoundKey|output[56]    ; pin_out          ;
; |AddRoundKey|output[57]    ; |AddRoundKey|output[57]    ; pin_out          ;
; |AddRoundKey|output[58]    ; |AddRoundKey|output[58]    ; pin_out          ;
; |AddRoundKey|output[59]    ; |AddRoundKey|output[59]    ; pin_out          ;
; |AddRoundKey|output[60]    ; |AddRoundKey|output[60]    ; pin_out          ;
; |AddRoundKey|output[61]    ; |AddRoundKey|output[61]    ; pin_out          ;
; |AddRoundKey|output[62]    ; |AddRoundKey|output[62]    ; pin_out          ;
; |AddRoundKey|output[63]    ; |AddRoundKey|output[63]    ; pin_out          ;
; |AddRoundKey|output[64]    ; |AddRoundKey|output[64]    ; pin_out          ;
; |AddRoundKey|output[65]    ; |AddRoundKey|output[65]    ; pin_out          ;
; |AddRoundKey|output[66]    ; |AddRoundKey|output[66]    ; pin_out          ;
; |AddRoundKey|output[67]    ; |AddRoundKey|output[67]    ; pin_out          ;
; |AddRoundKey|output[68]    ; |AddRoundKey|output[68]    ; pin_out          ;
; |AddRoundKey|output[69]    ; |AddRoundKey|output[69]    ; pin_out          ;
; |AddRoundKey|output[70]    ; |AddRoundKey|output[70]    ; pin_out          ;
; |AddRoundKey|output[71]    ; |AddRoundKey|output[71]    ; pin_out          ;
; |AddRoundKey|output[72]    ; |AddRoundKey|output[72]    ; pin_out          ;
; |AddRoundKey|output[73]    ; |AddRoundKey|output[73]    ; pin_out          ;
; |AddRoundKey|output[74]    ; |AddRoundKey|output[74]    ; pin_out          ;
; |AddRoundKey|output[75]    ; |AddRoundKey|output[75]    ; pin_out          ;
; |AddRoundKey|output[76]    ; |AddRoundKey|output[76]    ; pin_out          ;
; |AddRoundKey|output[77]    ; |AddRoundKey|output[77]    ; pin_out          ;
; |AddRoundKey|output[78]    ; |AddRoundKey|output[78]    ; pin_out          ;
; |AddRoundKey|output[79]    ; |AddRoundKey|output[79]    ; pin_out          ;
; |AddRoundKey|output[80]    ; |AddRoundKey|output[80]    ; pin_out          ;
; |AddRoundKey|output[81]    ; |AddRoundKey|output[81]    ; pin_out          ;
; |AddRoundKey|output[82]    ; |AddRoundKey|output[82]    ; pin_out          ;
; |AddRoundKey|output[83]    ; |AddRoundKey|output[83]    ; pin_out          ;
; |AddRoundKey|output[84]    ; |AddRoundKey|output[84]    ; pin_out          ;
; |AddRoundKey|output[85]    ; |AddRoundKey|output[85]    ; pin_out          ;
; |AddRoundKey|output[86]    ; |AddRoundKey|output[86]    ; pin_out          ;
; |AddRoundKey|output[87]    ; |AddRoundKey|output[87]    ; pin_out          ;
; |AddRoundKey|output[88]    ; |AddRoundKey|output[88]    ; pin_out          ;
; |AddRoundKey|output[89]    ; |AddRoundKey|output[89]    ; pin_out          ;
; |AddRoundKey|output[90]    ; |AddRoundKey|output[90]    ; pin_out          ;
; |AddRoundKey|output[91]    ; |AddRoundKey|output[91]    ; pin_out          ;
; |AddRoundKey|output[92]    ; |AddRoundKey|output[92]    ; pin_out          ;
; |AddRoundKey|output[93]    ; |AddRoundKey|output[93]    ; pin_out          ;
; |AddRoundKey|output[94]    ; |AddRoundKey|output[94]    ; pin_out          ;
; |AddRoundKey|output[95]    ; |AddRoundKey|output[95]    ; pin_out          ;
; |AddRoundKey|output[96]    ; |AddRoundKey|output[96]    ; pin_out          ;
; |AddRoundKey|output[97]    ; |AddRoundKey|output[97]    ; pin_out          ;
; |AddRoundKey|output[98]    ; |AddRoundKey|output[98]    ; pin_out          ;
; |AddRoundKey|output[99]    ; |AddRoundKey|output[99]    ; pin_out          ;
; |AddRoundKey|output[100]   ; |AddRoundKey|output[100]   ; pin_out          ;
; |AddRoundKey|output[101]   ; |AddRoundKey|output[101]   ; pin_out          ;
; |AddRoundKey|output[102]   ; |AddRoundKey|output[102]   ; pin_out          ;
; |AddRoundKey|output[103]   ; |AddRoundKey|output[103]   ; pin_out          ;
; |AddRoundKey|output[104]   ; |AddRoundKey|output[104]   ; pin_out          ;
; |AddRoundKey|output[105]   ; |AddRoundKey|output[105]   ; pin_out          ;
; |AddRoundKey|output[106]   ; |AddRoundKey|output[106]   ; pin_out          ;
; |AddRoundKey|output[107]   ; |AddRoundKey|output[107]   ; pin_out          ;
; |AddRoundKey|output[108]   ; |AddRoundKey|output[108]   ; pin_out          ;
; |AddRoundKey|output[109]   ; |AddRoundKey|output[109]   ; pin_out          ;
; |AddRoundKey|output[110]   ; |AddRoundKey|output[110]   ; pin_out          ;
; |AddRoundKey|output[111]   ; |AddRoundKey|output[111]   ; pin_out          ;
; |AddRoundKey|output[112]   ; |AddRoundKey|output[112]   ; pin_out          ;
; |AddRoundKey|output[113]   ; |AddRoundKey|output[113]   ; pin_out          ;
; |AddRoundKey|output[114]   ; |AddRoundKey|output[114]   ; pin_out          ;
; |AddRoundKey|output[115]   ; |AddRoundKey|output[115]   ; pin_out          ;
; |AddRoundKey|output[116]   ; |AddRoundKey|output[116]   ; pin_out          ;
; |AddRoundKey|output[117]   ; |AddRoundKey|output[117]   ; pin_out          ;
; |AddRoundKey|output[118]   ; |AddRoundKey|output[118]   ; pin_out          ;
; |AddRoundKey|output[119]   ; |AddRoundKey|output[119]   ; pin_out          ;
; |AddRoundKey|output[120]   ; |AddRoundKey|output[120]   ; pin_out          ;
; |AddRoundKey|output[121]   ; |AddRoundKey|output[121]   ; pin_out          ;
; |AddRoundKey|output[122]   ; |AddRoundKey|output[122]   ; pin_out          ;
; |AddRoundKey|output[123]   ; |AddRoundKey|output[123]   ; pin_out          ;
; |AddRoundKey|output[124]   ; |AddRoundKey|output[124]   ; pin_out          ;
; |AddRoundKey|output[125]   ; |AddRoundKey|output[125]   ; pin_out          ;
; |AddRoundKey|output[126]   ; |AddRoundKey|output[126]   ; pin_out          ;
; |AddRoundKey|output[127]   ; |AddRoundKey|output[127]   ; pin_out          ;
+----------------------------+----------------------------+------------------+


+---------------------+
; Simulator INI Usage ;
+--------+------------+
; Option ; Usage      ;
+--------+------------+


+--------------------+
; Simulator Messages ;
+--------------------+
Info: *******************************************************************
Info: Running Quartus II 64-Bit Simulator
    Info: Version 13.0.0 Build 156 04/24/2013 SJ Web Edition
    Info: Processing started: Thu Nov 21 11:34:33 2019
Info: Command: quartus_sim --simulation_results_format=VWF AES -c AES
Info (324025): Using vector source file "C:/Users/gisel/Documents/Faculdade/2019-2/Sistemas Digitais/AES-128/WaveAdd.vwf"
Info (310003): Option to preserve fewer signal transitions to reduce memory requirements is enabled
    Info (310004): Simulation has been partitioned into sub-simulations according to the maximum transition count determined by the engine. Transitions from memory will be flushed out to disk at the end of each sub-simulation to reduce memory requirements.
Info (310002): Simulation partitioned into 1 sub-simulations
Info (328053): Simulation coverage is       0.00 %
Info (328052): Number of transitions in simulation is 0
Info (324045): Vector file AES.sim.vwf is saved in VWF text format. You can compress it into CVWF format in order to reduce file size. For more details please refer to the Quartus II Help.
Info: Quartus II 64-Bit Simulator was successful. 0 errors, 0 warnings
    Info: Peak virtual memory: 4461 megabytes
    Info: Processing ended: Thu Nov 21 11:34:34 2019
    Info: Elapsed time: 00:00:01
    Info: Total CPU time (on all processors): 00:00:00


