Analysis & Synthesis report for AES
Tue Nov 19 20:15:19 2019
Quartus II 64-Bit Version 13.0.0 Build 156 04/24/2013 SJ Web Edition


---------------------
; Table of Contents ;
---------------------
  1. Legal Notice
  2. Analysis & Synthesis Summary
  3. Analysis & Synthesis Settings
  4. Parallel Compilation
  5. Analysis & Synthesis Source Files Read
  6. Analysis & Synthesis Resource Usage Summary
  7. Analysis & Synthesis Resource Utilization by Entity
  8. State Machine - |AES|PC:Controle|state
  9. Registers Removed During Synthesis
 10. General Register Statistics
 11. Parameter Settings for User Entity Instance: PO:Operativa
 12. Parameter Settings for User Entity Instance: PO:Operativa|Regs_8b:Regs_input
 13. Parameter Settings for User Entity Instance: PO:Operativa|Regs_32b:Regs_columns
 14. Parameter Settings for User Entity Instance: PO:Operativa|Block_muxes_reg:Bloco_mux_reg
 15. Parameter Settings for User Entity Instance: PO:Operativa|AddRoundKey:Add
 16. Elapsed Time Per Partition
 17. Analysis & Synthesis Messages



----------------
; Legal Notice ;
----------------
Copyright (C) 1991-2013 Altera Corporation
Your use of Altera Corporation's design tools, logic functions 
and other software and tools, and its AMPP partner logic 
functions, and any output files from any of the foregoing 
(including device programming or simulation files), and any 
associated documentation or information are expressly subject 
to the terms and conditions of the Altera Program License 
Subscription Agreement, Altera MegaCore Function License 
Agreement, or other applicable license agreement, including, 
without limitation, that your use is for the sole purpose of 
programming logic devices manufactured by Altera and sold by 
Altera or its authorized distributors.  Please refer to the 
applicable agreement for further details.



+---------------------------------------------------------------------------------+
; Analysis & Synthesis Summary                                                    ;
+------------------------------------+--------------------------------------------+
; Analysis & Synthesis Status        ; Successful - Tue Nov 19 20:15:19 2019      ;
; Quartus II 64-Bit Version          ; 13.0.0 Build 156 04/24/2013 SJ Web Edition ;
; Revision Name                      ; AES                                        ;
; Top-level Entity Name              ; AES                                        ;
; Family                             ; Cyclone III                                ;
; Total logic elements               ; 0                                          ;
;     Total combinational functions  ; 0                                          ;
;     Dedicated logic registers      ; 0                                          ;
; Total registers                    ; 0                                          ;
; Total pins                         ; 386                                        ;
; Total virtual pins                 ; 0                                          ;
; Total memory bits                  ; 0                                          ;
; Embedded Multiplier 9-bit elements ; 0                                          ;
; Total PLLs                         ; 0                                          ;
+------------------------------------+--------------------------------------------+


+----------------------------------------------------------------------------------------------------------------------+
; Analysis & Synthesis Settings                                                                                        ;
+----------------------------------------------------------------------------+--------------------+--------------------+
; Option                                                                     ; Setting            ; Default Value      ;
+----------------------------------------------------------------------------+--------------------+--------------------+
; Device                                                                     ; EP3C40F780I7       ;                    ;
; Top-level entity name                                                      ; AES                ; AES                ;
; Family name                                                                ; Cyclone III        ; Cyclone IV GX      ;
; Use smart compilation                                                      ; Off                ; Off                ;
; Enable parallel Assembler and TimeQuest Timing Analyzer during compilation ; On                 ; On                 ;
; Enable compact report table                                                ; Off                ; Off                ;
; Restructure Multiplexers                                                   ; Auto               ; Auto               ;
; Create Debugging Nodes for IP Cores                                        ; Off                ; Off                ;
; Preserve fewer node names                                                  ; On                 ; On                 ;
; Disable OpenCore Plus hardware evaluation                                  ; Off                ; Off                ;
; Verilog Version                                                            ; Verilog_2001       ; Verilog_2001       ;
; VHDL Version                                                               ; VHDL_1993          ; VHDL_1993          ;
; State Machine Processing                                                   ; Auto               ; Auto               ;
; Safe State Machine                                                         ; Off                ; Off                ;
; Extract Verilog State Machines                                             ; On                 ; On                 ;
; Extract VHDL State Machines                                                ; On                 ; On                 ;
; Ignore Verilog initial constructs                                          ; Off                ; Off                ;
; Iteration limit for constant Verilog loops                                 ; 5000               ; 5000               ;
; Iteration limit for non-constant Verilog loops                             ; 250                ; 250                ;
; Add Pass-Through Logic to Inferred RAMs                                    ; On                 ; On                 ;
; Infer RAMs from Raw Logic                                                  ; On                 ; On                 ;
; Parallel Synthesis                                                         ; On                 ; On                 ;
; DSP Block Balancing                                                        ; Auto               ; Auto               ;
; NOT Gate Push-Back                                                         ; On                 ; On                 ;
; Power-Up Don't Care                                                        ; On                 ; On                 ;
; Remove Redundant Logic Cells                                               ; Off                ; Off                ;
; Remove Duplicate Registers                                                 ; On                 ; On                 ;
; Ignore CARRY Buffers                                                       ; Off                ; Off                ;
; Ignore CASCADE Buffers                                                     ; Off                ; Off                ;
; Ignore GLOBAL Buffers                                                      ; Off                ; Off                ;
; Ignore ROW GLOBAL Buffers                                                  ; Off                ; Off                ;
; Ignore LCELL Buffers                                                       ; Off                ; Off                ;
; Ignore SOFT Buffers                                                        ; On                 ; On                 ;
; Limit AHDL Integers to 32 Bits                                             ; Off                ; Off                ;
; Optimization Technique                                                     ; Balanced           ; Balanced           ;
; Carry Chain Length                                                         ; 70                 ; 70                 ;
; Auto Carry Chains                                                          ; On                 ; On                 ;
; Auto Open-Drain Pins                                                       ; On                 ; On                 ;
; Perform WYSIWYG Primitive Resynthesis                                      ; Off                ; Off                ;
; Auto ROM Replacement                                                       ; On                 ; On                 ;
; Auto RAM Replacement                                                       ; On                 ; On                 ;
; Auto DSP Block Replacement                                                 ; On                 ; On                 ;
; Auto Shift Register Replacement                                            ; Auto               ; Auto               ;
; Allow Shift Register Merging across Hierarchies                            ; Auto               ; Auto               ;
; Auto Clock Enable Replacement                                              ; On                 ; On                 ;
; Strict RAM Replacement                                                     ; Off                ; Off                ;
; Allow Synchronous Control Signals                                          ; On                 ; On                 ;
; Force Use of Synchronous Clear Signals                                     ; Off                ; Off                ;
; Auto RAM Block Balancing                                                   ; On                 ; On                 ;
; Auto RAM to Logic Cell Conversion                                          ; Off                ; Off                ;
; Auto Resource Sharing                                                      ; Off                ; Off                ;
; Allow Any RAM Size For Recognition                                         ; Off                ; Off                ;
; Allow Any ROM Size For Recognition                                         ; Off                ; Off                ;
; Allow Any Shift Register Size For Recognition                              ; Off                ; Off                ;
; Use LogicLock Constraints during Resource Balancing                        ; On                 ; On                 ;
; Ignore translate_off and synthesis_off directives                          ; Off                ; Off                ;
; Timing-Driven Synthesis                                                    ; On                 ; On                 ;
; Report Parameter Settings                                                  ; On                 ; On                 ;
; Report Source Assignments                                                  ; On                 ; On                 ;
; Report Connectivity Checks                                                 ; On                 ; On                 ;
; Ignore Maximum Fan-Out Assignments                                         ; Off                ; Off                ;
; Synchronization Register Chain Length                                      ; 2                  ; 2                  ;
; PowerPlay Power Optimization                                               ; Normal compilation ; Normal compilation ;
; HDL message level                                                          ; Level2             ; Level2             ;
; Suppress Register Optimization Related Messages                            ; Off                ; Off                ;
; Number of Removed Registers Reported in Synthesis Report                   ; 5000               ; 5000               ;
; Number of Swept Nodes Reported in Synthesis Report                         ; 5000               ; 5000               ;
; Number of Inverted Registers Reported in Synthesis Report                  ; 100                ; 100                ;
; Clock MUX Protection                                                       ; On                 ; On                 ;
; Auto Gated Clock Conversion                                                ; Off                ; Off                ;
; Block Design Naming                                                        ; Auto               ; Auto               ;
; SDC constraint protection                                                  ; Off                ; Off                ;
; Synthesis Effort                                                           ; Auto               ; Auto               ;
; Shift Register Replacement - Allow Asynchronous Clear Signal               ; On                 ; On                 ;
; Pre-Mapping Resynthesis Optimization                                       ; Off                ; Off                ;
; Analysis & Synthesis Message Level                                         ; Medium             ; Medium             ;
; Disable Register Merging Across Hierarchies                                ; Auto               ; Auto               ;
; Resource Aware Inference For Block RAM                                     ; On                 ; On                 ;
; Synthesis Seed                                                             ; 1                  ; 1                  ;
+----------------------------------------------------------------------------+--------------------+--------------------+


Parallel compilation was disabled, but you have multiple processors available. Enable parallel compilation to reduce compilation time.
+-------------------------------------+
; Parallel Compilation                ;
+----------------------------+--------+
; Processors                 ; Number ;
+----------------------------+--------+
; Number detected on machine ; 8      ;
; Maximum allowed            ; 1      ;
+----------------------------+--------+


+--------------------------------------------------------------------------------------------------------------------------------------------------------------------------+
; Analysis & Synthesis Source Files Read                                                                                                                                   ;
+----------------------------------+-----------------+-----------------+-----------------------------------------------------------------------------------------+---------+
; File Name with User-Entered Path ; Used in Netlist ; File Type       ; File Name with Absolute Path                                                            ; Library ;
+----------------------------------+-----------------+-----------------+-----------------------------------------------------------------------------------------+---------+
; AES.vhd                          ; yes             ; User VHDL File  ; C:/Users/gisel/Documents/Faculdade/2019-2/Sistemas Digitais/AES-128/AES.vhd             ;         ;
; AddRoundKey.vhd                  ; yes             ; User VHDL File  ; C:/Users/gisel/Documents/Faculdade/2019-2/Sistemas Digitais/AES-128/AddRoundKey.vhd     ;         ;
; SBox.vhd                         ; yes             ; User VHDL File  ; C:/Users/gisel/Documents/Faculdade/2019-2/Sistemas Digitais/AES-128/SBox.vhd            ;         ;
; PC.vhd                           ; yes             ; User VHDL File  ; C:/Users/gisel/Documents/Faculdade/2019-2/Sistemas Digitais/AES-128/PC.vhd              ;         ;
; PO.vhd                           ; yes             ; User VHDL File  ; C:/Users/gisel/Documents/Faculdade/2019-2/Sistemas Digitais/AES-128/PO.vhd              ;         ;
; MixColumn.vhd                    ; yes             ; User VHDL File  ; C:/Users/gisel/Documents/Faculdade/2019-2/Sistemas Digitais/AES-128/MixColumn.vhd       ;         ;
; MixColumns.vhd                   ; yes             ; User VHDL File  ; C:/Users/gisel/Documents/Faculdade/2019-2/Sistemas Digitais/AES-128/MixColumns.vhd      ;         ;
; Regs_8b.vhd                      ; yes             ; User VHDL File  ; C:/Users/gisel/Documents/Faculdade/2019-2/Sistemas Digitais/AES-128/Regs_8b.vhd         ;         ;
; Regs_32b.vhd                     ; yes             ; User VHDL File  ; C:/Users/gisel/Documents/Faculdade/2019-2/Sistemas Digitais/AES-128/Regs_32b.vhd        ;         ;
; Block_muxes_reg.vhd              ; yes             ; User VHDL File  ; C:/Users/gisel/Documents/Faculdade/2019-2/Sistemas Digitais/AES-128/Block_muxes_reg.vhd ;         ;
; contadorRodadas.vhd              ; yes             ; User VHDL File  ; C:/Users/gisel/Documents/Faculdade/2019-2/Sistemas Digitais/AES-128/contadorRodadas.vhd ;         ;
+----------------------------------+-----------------+-----------------+-----------------------------------------------------------------------------------------+---------+


+--------------------------------------------------------+
; Analysis & Synthesis Resource Usage Summary            ;
+---------------------------------------------+----------+
; Resource                                    ; Usage    ;
+---------------------------------------------+----------+
;                                             ;          ;
; Total combinational functions               ; 0        ;
; Logic element usage by number of LUT inputs ;          ;
;     -- 4 input functions                    ; 0        ;
;     -- 3 input functions                    ; 0        ;
;     -- <=2 input functions                  ; 0        ;
;                                             ;          ;
; Logic elements by mode                      ;          ;
;     -- normal mode                          ; 0        ;
;     -- arithmetic mode                      ; 0        ;
;                                             ;          ;
; Total registers                             ; 0        ;
;     -- Dedicated logic registers            ; 0        ;
;     -- I/O registers                        ; 0        ;
;                                             ;          ;
; I/O pins                                    ; 386      ;
; Embedded Multiplier 9-bit elements          ; 0        ;
; Maximum fan-out node                        ; input[0] ;
; Maximum fan-out                             ; 1        ;
; Total fan-out                               ; 386      ;
; Average fan-out                             ; 0.50     ;
+---------------------------------------------+----------+


+-----------------------------------------------------------------------------------------------------------------------------------------------------------------------------+
; Analysis & Synthesis Resource Utilization by Entity                                                                                                                         ;
+----------------------------+-------------------+--------------+-------------+--------------+---------+-----------+------+--------------+---------------------+--------------+
; Compilation Hierarchy Node ; LC Combinationals ; LC Registers ; Memory Bits ; DSP Elements ; DSP 9x9 ; DSP 18x18 ; Pins ; Virtual Pins ; Full Hierarchy Name ; Library Name ;
+----------------------------+-------------------+--------------+-------------+--------------+---------+-----------+------+--------------+---------------------+--------------+
; |AES                       ; 0 (0)             ; 0 (0)        ; 0           ; 0            ; 0       ; 0         ; 386  ; 0            ; |AES                ;              ;
+----------------------------+-------------------+--------------+-------------+--------------+---------+-----------+------+--------------+---------------------+--------------+
Note: For table entries with two numbers listed, the numbers in parentheses indicate the number of resources of the given type used by the specific entity alone. The numbers listed outside of parentheses indicate the total resources of the given type used by the specific entity and all of its sub-entities in the hierarchy.


Encoding Type:  One-Hot
+---------------------------------------------------------------------------------------+
; State Machine - |AES|PC:Controle|state                                                ;
+----------+----------+----------+----------+----------+----------+----------+----------+
; Name     ; state.s6 ; state.s5 ; state.s4 ; state.s3 ; state.s2 ; state.s1 ; state.s0 ;
+----------+----------+----------+----------+----------+----------+----------+----------+
; state.s0 ; 0        ; 0        ; 0        ; 0        ; 0        ; 0        ; 0        ;
; state.s1 ; 0        ; 0        ; 0        ; 0        ; 0        ; 1        ; 1        ;
; state.s2 ; 0        ; 0        ; 0        ; 0        ; 1        ; 0        ; 1        ;
; state.s3 ; 0        ; 0        ; 0        ; 1        ; 0        ; 0        ; 1        ;
; state.s4 ; 0        ; 0        ; 1        ; 0        ; 0        ; 0        ; 1        ;
; state.s5 ; 0        ; 1        ; 0        ; 0        ; 0        ; 0        ; 1        ;
; state.s6 ; 1        ; 0        ; 0        ; 0        ; 0        ; 0        ; 1        ;
+----------+----------+----------+----------+----------+----------+----------+----------+


+---------------------------------------------------------------------------------+
; Registers Removed During Synthesis                                              ;
+----------------------------------------+----------------------------------------+
; Register name                          ; Reason for Removal                     ;
+----------------------------------------+----------------------------------------+
; contadorRodadas:Contador|cnt[0..3]     ; Stuck at GND due to stuck port data_in ;
; PC:Controle|state.s0                   ; Lost fanout                            ;
; PC:Controle|state.s1                   ; Lost fanout                            ;
; PC:Controle|state.s2                   ; Lost fanout                            ;
; PC:Controle|state.s3                   ; Lost fanout                            ;
; PC:Controle|state.s4                   ; Lost fanout                            ;
; PC:Controle|state.s5                   ; Lost fanout                            ;
; PC:Controle|state.s6                   ; Lost fanout                            ;
; Total Number of Removed Registers = 11 ;                                        ;
+----------------------------------------+----------------------------------------+


+------------------------------------------------------+
; General Register Statistics                          ;
+----------------------------------------------+-------+
; Statistic                                    ; Value ;
+----------------------------------------------+-------+
; Total registers                              ; 0     ;
; Number of registers using Synchronous Clear  ; 0     ;
; Number of registers using Synchronous Load   ; 0     ;
; Number of registers using Asynchronous Clear ; 0     ;
; Number of registers using Asynchronous Load  ; 0     ;
; Number of registers using Clock Enable       ; 0     ;
; Number of registers using Preset             ; 0     ;
+----------------------------------------------+-------+


+-----------------------------------------------------------+
; Parameter Settings for User Entity Instance: PO:Operativa ;
+--------------------+-------+------------------------------+
; Parameter Name     ; Value ; Type                         ;
+--------------------+-------+------------------------------+
; byte_data_width    ; 8     ; Signed Integer               ;
; column_data_width  ; 32    ; Signed Integer               ;
; general_data_width ; 128   ; Signed Integer               ;
+--------------------+-------+------------------------------+
Note: In order to hide this table in the UI and the text report file, please set the "Show Parameter Settings in Synthesis Report" option in "Analysis and Synthesis Settings -> More Settings" to "Off".


+------------------------------------------------------------------------------+
; Parameter Settings for User Entity Instance: PO:Operativa|Regs_8b:Regs_input ;
+----------------+-------+-----------------------------------------------------+
; Parameter Name ; Value ; Type                                                ;
+----------------+-------+-----------------------------------------------------+
; data_width     ; 8     ; Signed Integer                                      ;
+----------------+-------+-----------------------------------------------------+
Note: In order to hide this table in the UI and the text report file, please set the "Show Parameter Settings in Synthesis Report" option in "Analysis and Synthesis Settings -> More Settings" to "Off".


+---------------------------------------------------------------------------------+
; Parameter Settings for User Entity Instance: PO:Operativa|Regs_32b:Regs_columns ;
+----------------+-------+--------------------------------------------------------+
; Parameter Name ; Value ; Type                                                   ;
+----------------+-------+--------------------------------------------------------+
; data_width     ; 32    ; Signed Integer                                         ;
+----------------+-------+--------------------------------------------------------+
Note: In order to hide this table in the UI and the text report file, please set the "Show Parameter Settings in Synthesis Report" option in "Analysis and Synthesis Settings -> More Settings" to "Off".


+-----------------------------------------------------------------------------------------+
; Parameter Settings for User Entity Instance: PO:Operativa|Block_muxes_reg:Bloco_mux_reg ;
+----------------+-------+----------------------------------------------------------------+
; Parameter Name ; Value ; Type                                                           ;
+----------------+-------+----------------------------------------------------------------+
; data_width     ; 32    ; Signed Integer                                                 ;
+----------------+-------+----------------------------------------------------------------+
Note: In order to hide this table in the UI and the text report file, please set the "Show Parameter Settings in Synthesis Report" option in "Analysis and Synthesis Settings -> More Settings" to "Off".


+---------------------------------------------------------------------------+
; Parameter Settings for User Entity Instance: PO:Operativa|AddRoundKey:Add ;
+----------------+-------+--------------------------------------------------+
; Parameter Name ; Value ; Type                                             ;
+----------------+-------+--------------------------------------------------+
; data_width     ; 32    ; Signed Integer                                   ;
+----------------+-------+--------------------------------------------------+
Note: In order to hide this table in the UI and the text report file, please set the "Show Parameter Settings in Synthesis Report" option in "Analysis and Synthesis Settings -> More Settings" to "Off".


+-------------------------------+
; Elapsed Time Per Partition    ;
+----------------+--------------+
; Partition Name ; Elapsed Time ;
+----------------+--------------+
; Top            ; 00:00:00     ;
+----------------+--------------+


+-------------------------------+
; Analysis & Synthesis Messages ;
+-------------------------------+
Info: *******************************************************************
Info: Running Quartus II 64-Bit Analysis & Synthesis
    Info: Version 13.0.0 Build 156 04/24/2013 SJ Web Edition
    Info: Processing started: Tue Nov 19 20:15:17 2019
Info: Command: quartus_map --read_settings_files=on --write_settings_files=off AES -c AES
Warning (20028): Parallel compilation is not licensed and has been disabled
Info (12021): Found 2 design units, including 1 entities, in source file aes.vhd
    Info (12022): Found design unit 1: AES-rtl
    Info (12023): Found entity 1: AES
Info (12021): Found 2 design units, including 1 entities, in source file mux2_1.vhd
    Info (12022): Found design unit 1: Mux2_1-rtl
    Info (12023): Found entity 1: Mux2_1
Info (12021): Found 2 design units, including 1 entities, in source file addroundkey.vhd
    Info (12022): Found design unit 1: AddRoundKey-rtl
    Info (12023): Found entity 1: AddRoundKey
Info (12021): Found 2 design units, including 1 entities, in source file sbox.vhd
    Info (12022): Found design unit 1: SBox-rtl
    Info (12023): Found entity 1: SBox
Info (12021): Found 2 design units, including 1 entities, in source file pc.vhd
    Info (12022): Found design unit 1: PC-rtl
    Info (12023): Found entity 1: PC
Info (12021): Found 2 design units, including 1 entities, in source file po.vhd
    Info (12022): Found design unit 1: PO-rtl
    Info (12023): Found entity 1: PO
Info (12021): Found 2 design units, including 1 entities, in source file reg_nb.vhd
    Info (12022): Found design unit 1: Reg_8b-rtl
    Info (12023): Found entity 1: Reg_8b
Info (12021): Found 2 design units, including 1 entities, in source file mixcolumn.vhd
    Info (12022): Found design unit 1: MixColumn-rtl
    Info (12023): Found entity 1: MixColumn
Info (12021): Found 2 design units, including 1 entities, in source file mixcolumns.vhd
    Info (12022): Found design unit 1: MixColumns-rtl
    Info (12023): Found entity 1: MixColumns
Info (12021): Found 2 design units, including 1 entities, in source file regs_8b.vhd
    Info (12022): Found design unit 1: Regs_8b-rtl
    Info (12023): Found entity 1: Regs_8b
Info (12021): Found 2 design units, including 1 entities, in source file regs_32b.vhd
    Info (12022): Found design unit 1: Regs_32b-rtl
    Info (12023): Found entity 1: Regs_32b
Info (12021): Found 2 design units, including 1 entities, in source file block_muxes_reg.vhd
    Info (12022): Found design unit 1: Block_muxes_reg-rtl
    Info (12023): Found entity 1: Block_muxes_reg
Info (12021): Found 2 design units, including 1 entities, in source file contadorrodadas.vhd
    Info (12022): Found design unit 1: contadorRodadas-rtl
    Info (12023): Found entity 1: contadorRodadas
Info (12127): Elaborating entity "AES" for the top level hierarchy
Warning (10541): VHDL Signal Declaration warning at AES.vhd(12): used implicit default value for signal "output" because signal was never assigned a value or an explicit default value. Use of implicit default value may introduce unintended design optimizations.
Info (12128): Elaborating entity "PC" for hierarchy "PC:Controle"
Warning (10541): VHDL Signal Declaration warning at PC.vhd(15): used implicit default value for signal "enable_counter" because signal was never assigned a value or an explicit default value. Use of implicit default value may introduce unintended design optimizations.
Info (12128): Elaborating entity "PO" for hierarchy "PO:Operativa"
Info (12128): Elaborating entity "Regs_8b" for hierarchy "PO:Operativa|Regs_8b:Regs_input"
Info (12128): Elaborating entity "SBox" for hierarchy "PO:Operativa|SBox:S_Box"
Info (12128): Elaborating entity "Regs_32b" for hierarchy "PO:Operativa|Regs_32b:Regs_columns"
Info (12128): Elaborating entity "MixColumns" for hierarchy "PO:Operativa|MixColumns:Mix_columns"
Info (12128): Elaborating entity "MixColumn" for hierarchy "PO:Operativa|MixColumns:Mix_columns|MixColumn:Col0"
Info (12128): Elaborating entity "Block_muxes_reg" for hierarchy "PO:Operativa|Block_muxes_reg:Bloco_mux_reg"
Info (12128): Elaborating entity "AddRoundKey" for hierarchy "PO:Operativa|AddRoundKey:Add"
Info (12128): Elaborating entity "contadorRodadas" for hierarchy "contadorRodadas:Contador"
Warning (13024): Output pins are stuck at VCC or GND
    Warning (13410): Pin "output[0]" is stuck at GND
    Warning (13410): Pin "output[1]" is stuck at GND
    Warning (13410): Pin "output[2]" is stuck at GND
    Warning (13410): Pin "output[3]" is stuck at GND
    Warning (13410): Pin "output[4]" is stuck at GND
    Warning (13410): Pin "output[5]" is stuck at GND
    Warning (13410): Pin "output[6]" is stuck at GND
    Warning (13410): Pin "output[7]" is stuck at GND
    Warning (13410): Pin "output[8]" is stuck at GND
    Warning (13410): Pin "output[9]" is stuck at GND
    Warning (13410): Pin "output[10]" is stuck at GND
    Warning (13410): Pin "output[11]" is stuck at GND
    Warning (13410): Pin "output[12]" is stuck at GND
    Warning (13410): Pin "output[13]" is stuck at GND
    Warning (13410): Pin "output[14]" is stuck at GND
    Warning (13410): Pin "output[15]" is stuck at GND
    Warning (13410): Pin "output[16]" is stuck at GND
    Warning (13410): Pin "output[17]" is stuck at GND
    Warning (13410): Pin "output[18]" is stuck at GND
    Warning (13410): Pin "output[19]" is stuck at GND
    Warning (13410): Pin "output[20]" is stuck at GND
    Warning (13410): Pin "output[21]" is stuck at GND
    Warning (13410): Pin "output[22]" is stuck at GND
    Warning (13410): Pin "output[23]" is stuck at GND
    Warning (13410): Pin "output[24]" is stuck at GND
    Warning (13410): Pin "output[25]" is stuck at GND
    Warning (13410): Pin "output[26]" is stuck at GND
    Warning (13410): Pin "output[27]" is stuck at GND
    Warning (13410): Pin "output[28]" is stuck at GND
    Warning (13410): Pin "output[29]" is stuck at GND
    Warning (13410): Pin "output[30]" is stuck at GND
    Warning (13410): Pin "output[31]" is stuck at GND
    Warning (13410): Pin "output[32]" is stuck at GND
    Warning (13410): Pin "output[33]" is stuck at GND
    Warning (13410): Pin "output[34]" is stuck at GND
    Warning (13410): Pin "output[35]" is stuck at GND
    Warning (13410): Pin "output[36]" is stuck at GND
    Warning (13410): Pin "output[37]" is stuck at GND
    Warning (13410): Pin "output[38]" is stuck at GND
    Warning (13410): Pin "output[39]" is stuck at GND
    Warning (13410): Pin "output[40]" is stuck at GND
    Warning (13410): Pin "output[41]" is stuck at GND
    Warning (13410): Pin "output[42]" is stuck at GND
    Warning (13410): Pin "output[43]" is stuck at GND
    Warning (13410): Pin "output[44]" is stuck at GND
    Warning (13410): Pin "output[45]" is stuck at GND
    Warning (13410): Pin "output[46]" is stuck at GND
    Warning (13410): Pin "output[47]" is stuck at GND
    Warning (13410): Pin "output[48]" is stuck at GND
    Warning (13410): Pin "output[49]" is stuck at GND
    Warning (13410): Pin "output[50]" is stuck at GND
    Warning (13410): Pin "output[51]" is stuck at GND
    Warning (13410): Pin "output[52]" is stuck at GND
    Warning (13410): Pin "output[53]" is stuck at GND
    Warning (13410): Pin "output[54]" is stuck at GND
    Warning (13410): Pin "output[55]" is stuck at GND
    Warning (13410): Pin "output[56]" is stuck at GND
    Warning (13410): Pin "output[57]" is stuck at GND
    Warning (13410): Pin "output[58]" is stuck at GND
    Warning (13410): Pin "output[59]" is stuck at GND
    Warning (13410): Pin "output[60]" is stuck at GND
    Warning (13410): Pin "output[61]" is stuck at GND
    Warning (13410): Pin "output[62]" is stuck at GND
    Warning (13410): Pin "output[63]" is stuck at GND
    Warning (13410): Pin "output[64]" is stuck at GND
    Warning (13410): Pin "output[65]" is stuck at GND
    Warning (13410): Pin "output[66]" is stuck at GND
    Warning (13410): Pin "output[67]" is stuck at GND
    Warning (13410): Pin "output[68]" is stuck at GND
    Warning (13410): Pin "output[69]" is stuck at GND
    Warning (13410): Pin "output[70]" is stuck at GND
    Warning (13410): Pin "output[71]" is stuck at GND
    Warning (13410): Pin "output[72]" is stuck at GND
    Warning (13410): Pin "output[73]" is stuck at GND
    Warning (13410): Pin "output[74]" is stuck at GND
    Warning (13410): Pin "output[75]" is stuck at GND
    Warning (13410): Pin "output[76]" is stuck at GND
    Warning (13410): Pin "output[77]" is stuck at GND
    Warning (13410): Pin "output[78]" is stuck at GND
    Warning (13410): Pin "output[79]" is stuck at GND
    Warning (13410): Pin "output[80]" is stuck at GND
    Warning (13410): Pin "output[81]" is stuck at GND
    Warning (13410): Pin "output[82]" is stuck at GND
    Warning (13410): Pin "output[83]" is stuck at GND
    Warning (13410): Pin "output[84]" is stuck at GND
    Warning (13410): Pin "output[85]" is stuck at GND
    Warning (13410): Pin "output[86]" is stuck at GND
    Warning (13410): Pin "output[87]" is stuck at GND
    Warning (13410): Pin "output[88]" is stuck at GND
    Warning (13410): Pin "output[89]" is stuck at GND
    Warning (13410): Pin "output[90]" is stuck at GND
    Warning (13410): Pin "output[91]" is stuck at GND
    Warning (13410): Pin "output[92]" is stuck at GND
    Warning (13410): Pin "output[93]" is stuck at GND
    Warning (13410): Pin "output[94]" is stuck at GND
    Warning (13410): Pin "output[95]" is stuck at GND
    Warning (13410): Pin "output[96]" is stuck at GND
    Warning (13410): Pin "output[97]" is stuck at GND
    Warning (13410): Pin "output[98]" is stuck at GND
    Warning (13410): Pin "output[99]" is stuck at GND
    Warning (13410): Pin "output[100]" is stuck at GND
    Warning (13410): Pin "output[101]" is stuck at GND
    Warning (13410): Pin "output[102]" is stuck at GND
    Warning (13410): Pin "output[103]" is stuck at GND
    Warning (13410): Pin "output[104]" is stuck at GND
    Warning (13410): Pin "output[105]" is stuck at GND
    Warning (13410): Pin "output[106]" is stuck at GND
    Warning (13410): Pin "output[107]" is stuck at GND
    Warning (13410): Pin "output[108]" is stuck at GND
    Warning (13410): Pin "output[109]" is stuck at GND
    Warning (13410): Pin "output[110]" is stuck at GND
    Warning (13410): Pin "output[111]" is stuck at GND
    Warning (13410): Pin "output[112]" is stuck at GND
    Warning (13410): Pin "output[113]" is stuck at GND
    Warning (13410): Pin "output[114]" is stuck at GND
    Warning (13410): Pin "output[115]" is stuck at GND
    Warning (13410): Pin "output[116]" is stuck at GND
    Warning (13410): Pin "output[117]" is stuck at GND
    Warning (13410): Pin "output[118]" is stuck at GND
    Warning (13410): Pin "output[119]" is stuck at GND
    Warning (13410): Pin "output[120]" is stuck at GND
    Warning (13410): Pin "output[121]" is stuck at GND
    Warning (13410): Pin "output[122]" is stuck at GND
    Warning (13410): Pin "output[123]" is stuck at GND
    Warning (13410): Pin "output[124]" is stuck at GND
    Warning (13410): Pin "output[125]" is stuck at GND
    Warning (13410): Pin "output[126]" is stuck at GND
    Warning (13410): Pin "output[127]" is stuck at GND
Info (17049): 7 registers lost all their fanouts during netlist optimizations.
Info (16010): Generating hard_block partition "hard_block:auto_generated_inst"
    Info (16011): Adding 0 node(s), including 0 DDIO, 0 PLL, 0 transceiver and 0 LCELL
Warning (21074): Design contains 258 input pin(s) that do not drive logic
    Warning (15610): No output dependent on input pin "input[0]"
    Warning (15610): No output dependent on input pin "input[1]"
    Warning (15610): No output dependent on input pin "input[2]"
    Warning (15610): No output dependent on input pin "input[3]"
    Warning (15610): No output dependent on input pin "input[4]"
    Warning (15610): No output dependent on input pin "input[5]"
    Warning (15610): No output dependent on input pin "input[6]"
    Warning (15610): No output dependent on input pin "input[7]"
    Warning (15610): No output dependent on input pin "input[8]"
    Warning (15610): No output dependent on input pin "input[9]"
    Warning (15610): No output dependent on input pin "input[10]"
    Warning (15610): No output dependent on input pin "input[11]"
    Warning (15610): No output dependent on input pin "input[12]"
    Warning (15610): No output dependent on input pin "input[13]"
    Warning (15610): No output dependent on input pin "input[14]"
    Warning (15610): No output dependent on input pin "input[15]"
    Warning (15610): No output dependent on input pin "input[16]"
    Warning (15610): No output dependent on input pin "input[17]"
    Warning (15610): No output dependent on input pin "input[18]"
    Warning (15610): No output dependent on input pin "input[19]"
    Warning (15610): No output dependent on input pin "input[20]"
    Warning (15610): No output dependent on input pin "input[21]"
    Warning (15610): No output dependent on input pin "input[22]"
    Warning (15610): No output dependent on input pin "input[23]"
    Warning (15610): No output dependent on input pin "input[24]"
    Warning (15610): No output dependent on input pin "input[25]"
    Warning (15610): No output dependent on input pin "input[26]"
    Warning (15610): No output dependent on input pin "input[27]"
    Warning (15610): No output dependent on input pin "input[28]"
    Warning (15610): No output dependent on input pin "input[29]"
    Warning (15610): No output dependent on input pin "input[30]"
    Warning (15610): No output dependent on input pin "input[31]"
    Warning (15610): No output dependent on input pin "input[32]"
    Warning (15610): No output dependent on input pin "input[33]"
    Warning (15610): No output dependent on input pin "input[34]"
    Warning (15610): No output dependent on input pin "input[35]"
    Warning (15610): No output dependent on input pin "input[36]"
    Warning (15610): No output dependent on input pin "input[37]"
    Warning (15610): No output dependent on input pin "input[38]"
    Warning (15610): No output dependent on input pin "input[39]"
    Warning (15610): No output dependent on input pin "input[40]"
    Warning (15610): No output dependent on input pin "input[41]"
    Warning (15610): No output dependent on input pin "input[42]"
    Warning (15610): No output dependent on input pin "input[43]"
    Warning (15610): No output dependent on input pin "input[44]"
    Warning (15610): No output dependent on input pin "input[45]"
    Warning (15610): No output dependent on input pin "input[46]"
    Warning (15610): No output dependent on input pin "input[47]"
    Warning (15610): No output dependent on input pin "input[48]"
    Warning (15610): No output dependent on input pin "input[49]"
    Warning (15610): No output dependent on input pin "input[50]"
    Warning (15610): No output dependent on input pin "input[51]"
    Warning (15610): No output dependent on input pin "input[52]"
    Warning (15610): No output dependent on input pin "input[53]"
    Warning (15610): No output dependent on input pin "input[54]"
    Warning (15610): No output dependent on input pin "input[55]"
    Warning (15610): No output dependent on input pin "input[56]"
    Warning (15610): No output dependent on input pin "input[57]"
    Warning (15610): No output dependent on input pin "input[58]"
    Warning (15610): No output dependent on input pin "input[59]"
    Warning (15610): No output dependent on input pin "input[60]"
    Warning (15610): No output dependent on input pin "input[61]"
    Warning (15610): No output dependent on input pin "input[62]"
    Warning (15610): No output dependent on input pin "input[63]"
    Warning (15610): No output dependent on input pin "input[64]"
    Warning (15610): No output dependent on input pin "input[65]"
    Warning (15610): No output dependent on input pin "input[66]"
    Warning (15610): No output dependent on input pin "input[67]"
    Warning (15610): No output dependent on input pin "input[68]"
    Warning (15610): No output dependent on input pin "input[69]"
    Warning (15610): No output dependent on input pin "input[70]"
    Warning (15610): No output dependent on input pin "input[71]"
    Warning (15610): No output dependent on input pin "input[72]"
    Warning (15610): No output dependent on input pin "input[73]"
    Warning (15610): No output dependent on input pin "input[74]"
    Warning (15610): No output dependent on input pin "input[75]"
    Warning (15610): No output dependent on input pin "input[76]"
    Warning (15610): No output dependent on input pin "input[77]"
    Warning (15610): No output dependent on input pin "input[78]"
    Warning (15610): No output dependent on input pin "input[79]"
    Warning (15610): No output dependent on input pin "input[80]"
    Warning (15610): No output dependent on input pin "input[81]"
    Warning (15610): No output dependent on input pin "input[82]"
    Warning (15610): No output dependent on input pin "input[83]"
    Warning (15610): No output dependent on input pin "input[84]"
    Warning (15610): No output dependent on input pin "input[85]"
    Warning (15610): No output dependent on input pin "input[86]"
    Warning (15610): No output dependent on input pin "input[87]"
    Warning (15610): No output dependent on input pin "input[88]"
    Warning (15610): No output dependent on input pin "input[89]"
    Warning (15610): No output dependent on input pin "input[90]"
    Warning (15610): No output dependent on input pin "input[91]"
    Warning (15610): No output dependent on input pin "input[92]"
    Warning (15610): No output dependent on input pin "input[93]"
    Warning (15610): No output dependent on input pin "input[94]"
    Warning (15610): No output dependent on input pin "input[95]"
    Warning (15610): No output dependent on input pin "input[96]"
    Warning (15610): No output dependent on input pin "input[97]"
    Warning (15610): No output dependent on input pin "input[98]"
    Warning (15610): No output dependent on input pin "input[99]"
    Warning (15610): No output dependent on input pin "input[100]"
    Warning (15610): No output dependent on input pin "input[101]"
    Warning (15610): No output dependent on input pin "input[102]"
    Warning (15610): No output dependent on input pin "input[103]"
    Warning (15610): No output dependent on input pin "input[104]"
    Warning (15610): No output dependent on input pin "input[105]"
    Warning (15610): No output dependent on input pin "input[106]"
    Warning (15610): No output dependent on input pin "input[107]"
    Warning (15610): No output dependent on input pin "input[108]"
    Warning (15610): No output dependent on input pin "input[109]"
    Warning (15610): No output dependent on input pin "input[110]"
    Warning (15610): No output dependent on input pin "input[111]"
    Warning (15610): No output dependent on input pin "input[112]"
    Warning (15610): No output dependent on input pin "input[113]"
    Warning (15610): No output dependent on input pin "input[114]"
    Warning (15610): No output dependent on input pin "input[115]"
    Warning (15610): No output dependent on input pin "input[116]"
    Warning (15610): No output dependent on input pin "input[117]"
    Warning (15610): No output dependent on input pin "input[118]"
    Warning (15610): No output dependent on input pin "input[119]"
    Warning (15610): No output dependent on input pin "input[120]"
    Warning (15610): No output dependent on input pin "input[121]"
    Warning (15610): No output dependent on input pin "input[122]"
    Warning (15610): No output dependent on input pin "input[123]"
    Warning (15610): No output dependent on input pin "input[124]"
    Warning (15610): No output dependent on input pin "input[125]"
    Warning (15610): No output dependent on input pin "input[126]"
    Warning (15610): No output dependent on input pin "input[127]"
    Warning (15610): No output dependent on input pin "key[0]"
    Warning (15610): No output dependent on input pin "key[1]"
    Warning (15610): No output dependent on input pin "key[2]"
    Warning (15610): No output dependent on input pin "key[3]"
    Warning (15610): No output dependent on input pin "key[4]"
    Warning (15610): No output dependent on input pin "key[5]"
    Warning (15610): No output dependent on input pin "key[6]"
    Warning (15610): No output dependent on input pin "key[7]"
    Warning (15610): No output dependent on input pin "key[8]"
    Warning (15610): No output dependent on input pin "key[9]"
    Warning (15610): No output dependent on input pin "key[10]"
    Warning (15610): No output dependent on input pin "key[11]"
    Warning (15610): No output dependent on input pin "key[12]"
    Warning (15610): No output dependent on input pin "key[13]"
    Warning (15610): No output dependent on input pin "key[14]"
    Warning (15610): No output dependent on input pin "key[15]"
    Warning (15610): No output dependent on input pin "key[16]"
    Warning (15610): No output dependent on input pin "key[17]"
    Warning (15610): No output dependent on input pin "key[18]"
    Warning (15610): No output dependent on input pin "key[19]"
    Warning (15610): No output dependent on input pin "key[20]"
    Warning (15610): No output dependent on input pin "key[21]"
    Warning (15610): No output dependent on input pin "key[22]"
    Warning (15610): No output dependent on input pin "key[23]"
    Warning (15610): No output dependent on input pin "key[24]"
    Warning (15610): No output dependent on input pin "key[25]"
    Warning (15610): No output dependent on input pin "key[26]"
    Warning (15610): No output dependent on input pin "key[27]"
    Warning (15610): No output dependent on input pin "key[28]"
    Warning (15610): No output dependent on input pin "key[29]"
    Warning (15610): No output dependent on input pin "key[30]"
    Warning (15610): No output dependent on input pin "key[31]"
    Warning (15610): No output dependent on input pin "key[32]"
    Warning (15610): No output dependent on input pin "key[33]"
    Warning (15610): No output dependent on input pin "key[34]"
    Warning (15610): No output dependent on input pin "key[35]"
    Warning (15610): No output dependent on input pin "key[36]"
    Warning (15610): No output dependent on input pin "key[37]"
    Warning (15610): No output dependent on input pin "key[38]"
    Warning (15610): No output dependent on input pin "key[39]"
    Warning (15610): No output dependent on input pin "key[40]"
    Warning (15610): No output dependent on input pin "key[41]"
    Warning (15610): No output dependent on input pin "key[42]"
    Warning (15610): No output dependent on input pin "key[43]"
    Warning (15610): No output dependent on input pin "key[44]"
    Warning (15610): No output dependent on input pin "key[45]"
    Warning (15610): No output dependent on input pin "key[46]"
    Warning (15610): No output dependent on input pin "key[47]"
    Warning (15610): No output dependent on input pin "key[48]"
    Warning (15610): No output dependent on input pin "key[49]"
    Warning (15610): No output dependent on input pin "key[50]"
    Warning (15610): No output dependent on input pin "key[51]"
    Warning (15610): No output dependent on input pin "key[52]"
    Warning (15610): No output dependent on input pin "key[53]"
    Warning (15610): No output dependent on input pin "key[54]"
    Warning (15610): No output dependent on input pin "key[55]"
    Warning (15610): No output dependent on input pin "key[56]"
    Warning (15610): No output dependent on input pin "key[57]"
    Warning (15610): No output dependent on input pin "key[58]"
    Warning (15610): No output dependent on input pin "key[59]"
    Warning (15610): No output dependent on input pin "key[60]"
    Warning (15610): No output dependent on input pin "key[61]"
    Warning (15610): No output dependent on input pin "key[62]"
    Warning (15610): No output dependent on input pin "key[63]"
    Warning (15610): No output dependent on input pin "key[64]"
    Warning (15610): No output dependent on input pin "key[65]"
    Warning (15610): No output dependent on input pin "key[66]"
    Warning (15610): No output dependent on input pin "key[67]"
    Warning (15610): No output dependent on input pin "key[68]"
    Warning (15610): No output dependent on input pin "key[69]"
    Warning (15610): No output dependent on input pin "key[70]"
    Warning (15610): No output dependent on input pin "key[71]"
    Warning (15610): No output dependent on input pin "key[72]"
    Warning (15610): No output dependent on input pin "key[73]"
    Warning (15610): No output dependent on input pin "key[74]"
    Warning (15610): No output dependent on input pin "key[75]"
    Warning (15610): No output dependent on input pin "key[76]"
    Warning (15610): No output dependent on input pin "key[77]"
    Warning (15610): No output dependent on input pin "key[78]"
    Warning (15610): No output dependent on input pin "key[79]"
    Warning (15610): No output dependent on input pin "key[80]"
    Warning (15610): No output dependent on input pin "key[81]"
    Warning (15610): No output dependent on input pin "key[82]"
    Warning (15610): No output dependent on input pin "key[83]"
    Warning (15610): No output dependent on input pin "key[84]"
    Warning (15610): No output dependent on input pin "key[85]"
    Warning (15610): No output dependent on input pin "key[86]"
    Warning (15610): No output dependent on input pin "key[87]"
    Warning (15610): No output dependent on input pin "key[88]"
    Warning (15610): No output dependent on input pin "key[89]"
    Warning (15610): No output dependent on input pin "key[90]"
    Warning (15610): No output dependent on input pin "key[91]"
    Warning (15610): No output dependent on input pin "key[92]"
    Warning (15610): No output dependent on input pin "key[93]"
    Warning (15610): No output dependent on input pin "key[94]"
    Warning (15610): No output dependent on input pin "key[95]"
    Warning (15610): No output dependent on input pin "key[96]"
    Warning (15610): No output dependent on input pin "key[97]"
    Warning (15610): No output dependent on input pin "key[98]"
    Warning (15610): No output dependent on input pin "key[99]"
    Warning (15610): No output dependent on input pin "key[100]"
    Warning (15610): No output dependent on input pin "key[101]"
    Warning (15610): No output dependent on input pin "key[102]"
    Warning (15610): No output dependent on input pin "key[103]"
    Warning (15610): No output dependent on input pin "key[104]"
    Warning (15610): No output dependent on input pin "key[105]"
    Warning (15610): No output dependent on input pin "key[106]"
    Warning (15610): No output dependent on input pin "key[107]"
    Warning (15610): No output dependent on input pin "key[108]"
    Warning (15610): No output dependent on input pin "key[109]"
    Warning (15610): No output dependent on input pin "key[110]"
    Warning (15610): No output dependent on input pin "key[111]"
    Warning (15610): No output dependent on input pin "key[112]"
    Warning (15610): No output dependent on input pin "key[113]"
    Warning (15610): No output dependent on input pin "key[114]"
    Warning (15610): No output dependent on input pin "key[115]"
    Warning (15610): No output dependent on input pin "key[116]"
    Warning (15610): No output dependent on input pin "key[117]"
    Warning (15610): No output dependent on input pin "key[118]"
    Warning (15610): No output dependent on input pin "key[119]"
    Warning (15610): No output dependent on input pin "key[120]"
    Warning (15610): No output dependent on input pin "key[121]"
    Warning (15610): No output dependent on input pin "key[122]"
    Warning (15610): No output dependent on input pin "key[123]"
    Warning (15610): No output dependent on input pin "key[124]"
    Warning (15610): No output dependent on input pin "key[125]"
    Warning (15610): No output dependent on input pin "key[126]"
    Warning (15610): No output dependent on input pin "key[127]"
    Warning (15610): No output dependent on input pin "clk"
    Warning (15610): No output dependent on input pin "general_reset"
Info (21057): Implemented 386 device resources after synthesis - the final resource count might be different
    Info (21058): Implemented 258 input pins
    Info (21059): Implemented 128 output pins
Info: Quartus II 64-Bit Analysis & Synthesis was successful. 0 errors, 391 warnings
    Info: Peak virtual memory: 4652 megabytes
    Info: Processing ended: Tue Nov 19 20:15:19 2019
    Info: Elapsed time: 00:00:02
    Info: Total CPU time (on all processors): 00:00:02


