------------------------------------------------------------
TimeQuest Timing Analyzer Summary
------------------------------------------------------------

Type  : Slow 1200mV 100C Model Setup 'osc_clk'
Slack : 0.079
TNS   : 0.000

Type  : Slow 1200mV 100C Model Hold 'osc_clk'
Slack : 0.414
TNS   : 0.000

Type  : Slow 1200mV 100C Model Recovery 'osc_clk'
Slack : 9.471
TNS   : 0.000

Type  : Slow 1200mV 100C Model Removal 'osc_clk'
Slack : 0.025
TNS   : 0.000

Type  : Slow 1200mV 100C Model Minimum Pulse Width 'osc_clk'
Slack : 4.755
TNS   : 0.000

Type  : Slow 1200mV -40C Model Setup 'osc_clk'
Slack : 0.787
TNS   : 0.000

Type  : Slow 1200mV -40C Model Hold 'osc_clk'
Slack : 0.342
TNS   : 0.000

Type  : Slow 1200mV -40C Model Recovery 'osc_clk'
Slack : 9.538
TNS   : 0.000

Type  : Slow 1200mV -40C Model Removal 'osc_clk'
Slack : 0.028
TNS   : 0.000

Type  : Slow 1200mV -40C Model Minimum Pulse Width 'osc_clk'
Slack : 4.752
TNS   : 0.000

Type  : Fast 1200mV -40C Model Setup 'osc_clk'
Slack : 4.740
TNS   : 0.000

Type  : Fast 1200mV -40C Model Hold 'osc_clk'
Slack : 0.177
TNS   : 0.000

Type  : Fast 1200mV -40C Model Recovery 'osc_clk'
Slack : 9.351
TNS   : 0.000

Type  : Fast 1200mV -40C Model Removal 'osc_clk'
Slack : 0.059
TNS   : 0.000

Type  : Fast 1200mV -40C Model Minimum Pulse Width 'osc_clk'
Slack : 4.447
TNS   : 0.000

------------------------------------------------------------
